Archive member included to satisfy reference by file (symbol)

D:\Alberto\Documents\STM32CubeIDE\rsense-micro-adc-dma\lib\libarm_cortexM4lf_math.a(arm_rfft_fast_init_f32.o)
                              Core/Src/audio_fft.o (arm_rfft_fast_init_f32)
D:\Alberto\Documents\STM32CubeIDE\rsense-micro-adc-dma\lib\libarm_cortexM4lf_math.a(arm_rfft_fast_f32.o)
                              Core/Src/audio_fft.o (arm_rfft_fast_f32)
D:\Alberto\Documents\STM32CubeIDE\rsense-micro-adc-dma\lib\libarm_cortexM4lf_math.a(arm_cfft_f32.o)
                              D:\Alberto\Documents\STM32CubeIDE\rsense-micro-adc-dma\lib\libarm_cortexM4lf_math.a(arm_rfft_fast_f32.o) (arm_cfft_f32)
D:\Alberto\Documents\STM32CubeIDE\rsense-micro-adc-dma\lib\libarm_cortexM4lf_math.a(arm_cmplx_mag_f32.o)
                              Core/Src/audio_fft.o (arm_cmplx_mag_f32)
D:\Alberto\Documents\STM32CubeIDE\rsense-micro-adc-dma\lib\libarm_cortexM4lf_math.a(arm_mult_f32.o)
                              Core/Src/audio_fft.o (arm_mult_f32)
D:\Alberto\Documents\STM32CubeIDE\rsense-micro-adc-dma\lib\libarm_cortexM4lf_math.a(arm_common_tables.o)
                              D:\Alberto\Documents\STM32CubeIDE\rsense-micro-adc-dma\lib\libarm_cortexM4lf_math.a(arm_rfft_fast_init_f32.o) (twiddleCoef_rfft_4096)
D:\Alberto\Documents\STM32CubeIDE\rsense-micro-adc-dma\lib\libarm_cortexM4lf_math.a(arm_bitreversal2.o)
                              D:\Alberto\Documents\STM32CubeIDE\rsense-micro-adc-dma\lib\libarm_cortexM4lf_math.a(arm_cfft_f32.o) (arm_bitreversal_32)
D:\Alberto\Documents\STM32CubeIDE\rsense-micro-adc-dma\lib\libarm_cortexM4lf_math.a(arm_cfft_radix8_f32.o)
                              D:\Alberto\Documents\STM32CubeIDE\rsense-micro-adc-dma\lib\libarm_cortexM4lf_math.a(arm_cfft_f32.o) (arm_radix8_butterfly_f32)
d:/archivosdprograma/stm32cubeide_1.5.0/stm32cubeide/plugins/com.st.stm32cube.ide.mcu.externaltools.gnu-tools-for-stm32.7-2018-q2-update.win32_1.5.0.202011040924/tools/bin/../lib/gcc/arm-none-eabi/7.3.1/../../../../arm-none-eabi/lib/thumb/v7e-m/fpv4-sp/hard\libc_nano.a(lib_a-calloc.o)
                              Core/Src/audio_fft.o (calloc)
d:/archivosdprograma/stm32cubeide_1.5.0/stm32cubeide/plugins/com.st.stm32cube.ide.mcu.externaltools.gnu-tools-for-stm32.7-2018-q2-update.win32_1.5.0.202011040924/tools/bin/../lib/gcc/arm-none-eabi/7.3.1/../../../../arm-none-eabi/lib/thumb/v7e-m/fpv4-sp/hard\libc_nano.a(lib_a-errno.o)
                              Core/Src/syscalls.o (__errno)
d:/archivosdprograma/stm32cubeide_1.5.0/stm32cubeide/plugins/com.st.stm32cube.ide.mcu.externaltools.gnu-tools-for-stm32.7-2018-q2-update.win32_1.5.0.202011040924/tools/bin/../lib/gcc/arm-none-eabi/7.3.1/../../../../arm-none-eabi/lib/thumb/v7e-m/fpv4-sp/hard\libc_nano.a(lib_a-exit.o)
                              d:/archivosdprograma/stm32cubeide_1.5.0/stm32cubeide/plugins/com.st.stm32cube.ide.mcu.externaltools.gnu-tools-for-stm32.7-2018-q2-update.win32_1.5.0.202011040924/tools/bin/../lib/gcc/arm-none-eabi/7.3.1/../../../../arm-none-eabi/lib/thumb/v7e-m/fpv4-sp/hard/crt0.o (exit)
d:/archivosdprograma/stm32cubeide_1.5.0/stm32cubeide/plugins/com.st.stm32cube.ide.mcu.externaltools.gnu-tools-for-stm32.7-2018-q2-update.win32_1.5.0.202011040924/tools/bin/../lib/gcc/arm-none-eabi/7.3.1/../../../../arm-none-eabi/lib/thumb/v7e-m/fpv4-sp/hard\libc_nano.a(lib_a-impure.o)
                              d:/archivosdprograma/stm32cubeide_1.5.0/stm32cubeide/plugins/com.st.stm32cube.ide.mcu.externaltools.gnu-tools-for-stm32.7-2018-q2-update.win32_1.5.0.202011040924/tools/bin/../lib/gcc/arm-none-eabi/7.3.1/../../../../arm-none-eabi/lib/thumb/v7e-m/fpv4-sp/hard\libc_nano.a(lib_a-exit.o) (_global_impure_ptr)
d:/archivosdprograma/stm32cubeide_1.5.0/stm32cubeide/plugins/com.st.stm32cube.ide.mcu.externaltools.gnu-tools-for-stm32.7-2018-q2-update.win32_1.5.0.202011040924/tools/bin/../lib/gcc/arm-none-eabi/7.3.1/../../../../arm-none-eabi/lib/thumb/v7e-m/fpv4-sp/hard\libc_nano.a(lib_a-init.o)
                              d:/archivosdprograma/stm32cubeide_1.5.0/stm32cubeide/plugins/com.st.stm32cube.ide.mcu.externaltools.gnu-tools-for-stm32.7-2018-q2-update.win32_1.5.0.202011040924/tools/bin/../lib/gcc/arm-none-eabi/7.3.1/../../../../arm-none-eabi/lib/thumb/v7e-m/fpv4-sp/hard/crt0.o (__libc_init_array)
d:/archivosdprograma/stm32cubeide_1.5.0/stm32cubeide/plugins/com.st.stm32cube.ide.mcu.externaltools.gnu-tools-for-stm32.7-2018-q2-update.win32_1.5.0.202011040924/tools/bin/../lib/gcc/arm-none-eabi/7.3.1/../../../../arm-none-eabi/lib/thumb/v7e-m/fpv4-sp/hard\libc_nano.a(lib_a-malloc.o)
                              Middlewares/ST/STM32_USB_Device_Library/Class/CDC/Src/usbd_cdc.o (malloc)
d:/archivosdprograma/stm32cubeide_1.5.0/stm32cubeide/plugins/com.st.stm32cube.ide.mcu.externaltools.gnu-tools-for-stm32.7-2018-q2-update.win32_1.5.0.202011040924/tools/bin/../lib/gcc/arm-none-eabi/7.3.1/../../../../arm-none-eabi/lib/thumb/v7e-m/fpv4-sp/hard\libc_nano.a(lib_a-memcpy-stub.o)
[...]
Memory Configuration

Name             Origin             Length             Attributes
RAM              0x0000000020000000 0x00000000000a0000 xrw
FLASH            0x0000000008000000 0x0000000000200000 xr
*default*        0x0000000000000000 0xffffffffffffffff

Linker script and memory map

LOAD d:/archivosdprograma/stm32cubeide_1.5.0/stm32cubeide/plugins/com.st.stm32cube.ide.mcu.externaltools.gnu-tools-for-stm32.7-2018-q2-update.win32_1.5.0.202011040924/tools/bin/../lib/gcc/arm-none-eabi/7.3.1/thumb/v7e-m/fpv4-sp/hard/crti.o
LOAD d:/archivosdprograma/stm32cubeide_1.5.0/stm32cubeide/plugins/com.st.stm32cube.ide.mcu.externaltools.gnu-tools-for-stm32.7-2018-q2-update.win32_1.5.0.202011040924/tools/bin/../lib/gcc/arm-none-eabi/7.3.1/thumb/v7e-m/fpv4-sp/hard/crtbegin.o
LOAD d:/archivosdprograma/stm32cubeide_1.5.0/stm32cubeide/plugins/com.st.stm32cube.ide.mcu.externaltools.gnu-tools-for-stm32.7-2018-q2-update.win32_1.5.0.202011040924/tools/bin/../lib/gcc/arm-none-eabi/7.3.1/../../../../arm-none-eabi/lib/thumb/v7e-m/fpv4-sp/hard/crt0.o
LOAD Core/Src/audio_fft.o
LOAD Core/Src/main.o
LOAD Core/Src/stm32l4xx_hal_msp.o
LOAD Core/Src/stm32l4xx_it.o
LOAD Core/Src/syscalls.o
LOAD Core/Src/sysmem.o
LOAD Core/Src/system_stm32l4xx.o
LOAD Core/Startup/startup_stm32l4r9zijx.o
LOAD Drivers/STM32L4xx_HAL_Driver/Src/stm32l4xx_hal.o
LOAD Drivers/STM32L4xx_HAL_Driver/Src/stm32l4xx_hal_adc.o
LOAD Drivers/STM32L4xx_HAL_Driver/Src/stm32l4xx_hal_adc_ex.o
LOAD Drivers/STM32L4xx_HAL_Driver/Src/stm32l4xx_hal_cortex.o
LOAD Drivers/STM32L4xx_HAL_Driver/Src/stm32l4xx_hal_dma.o
LOAD Drivers/STM32L4xx_HAL_Driver/Src/stm32l4xx_hal_dma_ex.o
LOAD Drivers/STM32L4xx_HAL_Driver/Src/stm32l4xx_hal_exti.o
LOAD Drivers/STM32L4xx_HAL_Driver/Src/stm32l4xx_hal_flash.o
LOAD Drivers/STM32L4xx_HAL_Driver/Src/stm32l4xx_hal_flash_ex.o
LOAD Drivers/STM32L4xx_HAL_Driver/Src/stm32l4xx_hal_flash_ramfunc.o
LOAD Drivers/STM32L4xx_HAL_Driver/Src/stm32l4xx_hal_gpio.o
LOAD Drivers/STM32L4xx_HAL_Driver/Src/stm32l4xx_hal_i2c.o
LOAD Drivers/STM32L4xx_HAL_Driver/Src/stm32l4xx_hal_i2c_ex.o
LOAD Drivers/STM32L4xx_HAL_Driver/Src/stm32l4xx_hal_pcd.o
LOAD Drivers/STM32L4xx_HAL_Driver/Src/stm32l4xx_hal_pcd_ex.o
LOAD Drivers/STM32L4xx_HAL_Driver/Src/stm32l4xx_hal_pwr.o
LOAD Drivers/STM32L4xx_HAL_Driver/Src/stm32l4xx_hal_pwr_ex.o
LOAD Drivers/STM32L4xx_HAL_Driver/Src/stm32l4xx_hal_rcc.o
LOAD Drivers/STM32L4xx_HAL_Driver/Src/stm32l4xx_hal_rcc_ex.o
LOAD Drivers/STM32L4xx_HAL_Driver/Src/stm32l4xx_hal_tim.o
LOAD Drivers/STM32L4xx_HAL_Driver/Src/stm32l4xx_hal_tim_ex.o
LOAD Drivers/STM32L4xx_HAL_Driver/Src/stm32l4xx_hal_uart.o
LOAD Drivers/STM32L4xx_HAL_Driver/Src/stm32l4xx_hal_uart_ex.o
LOAD Drivers/STM32L4xx_HAL_Driver/Src/stm32l4xx_ll_usb.o
LOAD Middlewares/ST/STM32_USB_Device_Library/Class/CDC/Src/usbd_cdc.o
LOAD Middlewares/ST/STM32_USB_Device_Library/Core/Src/usbd_core.o
LOAD Middlewares/ST/STM32_USB_Device_Library/Core/Src/usbd_ctlreq.o
LOAD Middlewares/ST/STM32_USB_Device_Library/Core/Src/usbd_ioreq.o
LOAD USB_DEVICE/App/usb_device.o
LOAD USB_DEVICE/App/usbd_cdc_if.o
LOAD USB_DEVICE/App/usbd_desc.o
LOAD USB_DEVICE/Target/usbd_conf.o
LOAD D:\Alberto\Documents\STM32CubeIDE\rsense-micro-adc-dma\lib\libarm_cortexM4lf_math.a
START GROUP
LOAD d:/archivosdprograma/stm32cubeide_1.5.0/stm32cubeide/plugins/com.st.stm32cube.ide.mcu.externaltools.gnu-tools-for-stm32.7-2018-q2-update.win32_1.5.0.202011040924/tools/bin/../lib/gcc/arm-none-eabi/7.3.1/../../../../arm-none-eabi/lib/thumb/v7e-m/fpv4-sp/hard\libc_nano.a
LOAD d:/archivosdprograma/stm32cubeide_1.5.0/stm32cubeide/plugins/com.st.stm32cube.ide.mcu.externaltools.gnu-tools-for-stm32.7-2018-q2-update.win32_1.5.0.202011040924/tools/bin/../lib/gcc/arm-none-eabi/7.3.1/../../../../arm-none-eabi/lib/thumb/v7e-m/fpv4-sp/hard\libm.a
END GROUP
START GROUP
LOAD d:/archivosdprograma/stm32cubeide_1.5.0/stm32cubeide/plugins/com.st.stm32cube.ide.mcu.externaltools.gnu-tools-for-stm32.7-2018-q2-update.win32_1.5.0.202011040924/tools/bin/../lib/gcc/arm-none-eabi/7.3.1/thumb/v7e-m/fpv4-sp/hard\libgcc.a
LOAD d:/archivosdprograma/stm32cubeide_1.5.0/stm32cubeide/plugins/com.st.stm32cube.ide.mcu.externaltools.gnu-tools-for-stm32.7-2018-q2-update.win32_1.5.0.202011040924/tools/bin/../lib/gcc/arm-none-eabi/7.3.1/../../../../arm-none-eabi/lib/thumb/v7e-m/fpv4-sp/hard\libc_nano.a
END GROUP
START GROUP
LOAD d:/archivosdprograma/stm32cubeide_1.5.0/stm32cubeide/plugins/com.st.stm32cube.ide.mcu.externaltools.gnu-tools-for-stm32.7-2018-q2-update.win32_1.5.0.202011040924/tools/bin/../lib/gcc/arm-none-eabi/7.3.1/thumb/v7e-m/fpv4-sp/hard\libgcc.a
LOAD d:/archivosdprograma/stm32cubeide_1.5.0/stm32cubeide/plugins/com.st.stm32cube.ide.mcu.externaltools.gnu-tools-for-stm32.7-2018-q2-update.win32_1.5.0.202011040924/tools/bin/../lib/gcc/arm-none-eabi/7.3.1/../../../../arm-none-eabi/lib/thumb/v7e-m/fpv4-sp/hard\libc_nano.a
LOAD d:/archivosdprograma/stm32cubeide_1.5.0/stm32cubeide/plugins/com.st.stm32cube.ide.mcu.externaltools.gnu-tools-for-stm32.7-2018-q2-update.win32_1.5.0.202011040924/tools/bin/../lib/gcc/arm-none-eabi/7.3.1/../../../../arm-none-eabi/lib/thumb/v7e-m/fpv4-sp/hard\libnosys.a
END GROUP
START GROUP
LOAD d:/archivosdprograma/stm32cubeide_1.5.0/stm32cubeide/plugins/com.st.stm32cube.ide.mcu.externaltools.gnu-tools-for-stm32.7-2018-q2-update.win32_1.5.0.202011040924/tools/bin/../lib/gcc/arm-none-eabi/7.3.1/thumb/v7e-m/fpv4-sp/hard\libgcc.a
LOAD d:/archivosdprograma/stm32cubeide_1.5.0/stm32cubeide/plugins/com.st.stm32cube.ide.mcu.externaltools.gnu-tools-for-stm32.7-2018-q2-update.win32_1.5.0.202011040924/tools/bin/../lib/gcc/arm-none-eabi/7.3.1/../../../../arm-none-eabi/lib/thumb/v7e-m/fpv4-sp/hard\libc_nano.a
LOAD d:/archivosdprograma/stm32cubeide_1.5.0/stm32cubeide/plugins/com.st.stm32cube.ide.mcu.externaltools.gnu-tools-for-stm32.7-2018-q2-update.win32_1.5.0.202011040924/tools/bin/../lib/gcc/arm-none-eabi/7.3.1/../../../../arm-none-eabi/lib/thumb/v7e-m/fpv4-sp/hard\libnosys.a
END GROUP
LOAD d:/archivosdprograma/stm32cubeide_1.5.0/stm32cubeide/plugins/com.st.stm32cube.ide.mcu.externaltools.gnu-tools-for-stm32.7-2018-q2-update.win32_1.5.0.202011040924/tools/bin/../lib/gcc/arm-none-eabi/7.3.1/thumb/v7e-m/fpv4-sp/hard/crtend.o
LOAD d:/archivosdprograma/stm32cubeide_1.5.0/stm32cubeide/plugins/com.st.stm32cube.ide.mcu.externaltools.gnu-tools-for-stm32.7-2018-q2-update.win32_1.5.0.202011040924/tools/bin/../lib/gcc/arm-none-eabi/7.3.1/thumb/v7e-m/fpv4-sp/hard/crtn.o
                0x00000000200a0000                _estack = (ORIGIN (RAM) + LENGTH (RAM))
                0x0000000000000200                _Min_Heap_Size = 0x200
                0x0000000000000400                _Min_Stack_Size = 0x400

.isr_vector     0x0000000008000000      0x1bc
                0x0000000008000000                . = ALIGN (0x4)
 *(.isr_vector)
 .isr_vector    0x0000000008000000      0x1bc Core/Startup/startup_stm32l4r9zijx.o
                0x0000000008000000                g_pfnVectors
                0x00000000080001bc                . = ALIGN (0x4)

.text           0x00000000080001c0     0xd8e4
                0x00000000080001c0                . = ALIGN (0x4)
 *(.text)
 .text          0x00000000080001c0       0x40 d:/archivosdprograma/stm32cubeide_1.5.0/stm32cubeide/plugins/com.st.stm32cube.ide.mcu.externaltools.gnu-tools-for-stm32.7-2018-q2-update.win32_1.5.0.202011040924/tools/bin/../lib/gcc/arm-none-eabi/7.3.1/thumb/v7e-m/fpv4-sp/hard/crtbegin.o
 .text          0x0000000008000200       0xc0 D:\Alberto\Documents\STM32CubeIDE\rsense-micro-adc-dma\lib\libarm_cortexM4lf_math.a(arm_bitreversal2.o)
                0x0000000008000200                arm_bitreversal_32
                0x000000000800026a                arm_bitreversal_16
 .text          0x00000000080002c0      0x378 d:/archivosdprograma/stm32cubeide_1.5.0/stm32cubeide/plugins/com.st.stm32cube.ide.mcu.externaltools.gnu-tools-for-stm32.7-2018-q2-update.win32_1.5.0.202011040924/tools/bin/../lib/gcc/arm-none-eabi/7.3.1/thumb/v7e-m/fpv4-sp/hard\libgcc.a(_arm_addsubdf3.o)
                0x00000000080002c0                __aeabi_drsub
                0x00000000080002c8                __aeabi_dsub
                0x00000000080002c8                __subdf3
                0x00000000080002cc                __aeabi_dadd
                0x00000000080002cc                __adddf3
                0x0000000008000544                __floatunsidf
                0x0000000008000544                __aeabi_ui2d
                0x0000000008000564                __floatsidf
                0x0000000008000564                __aeabi_i2d
                0x0000000008000588                __aeabi_f2d
                0x0000000008000588                __extendsfdf2
                0x00000000080005cc                __floatundidf
                0x00000000080005cc                __aeabi_ul2d
                0x00000000080005dc                __floatdidf
                0x00000000080005dc                __aeabi_l2d
 .text          0x0000000008000638      0x424 d:/archivosdprograma/stm32cubeide_1.5.0/stm32cubeide/plugins/com.st.stm32cube.ide.mcu.externaltools.gnu-tools-for-stm32.7-2018-q2-update.win32_1.5.0.202011040924/tools/bin/../lib/gcc/arm-none-eabi/7.3.1/thumb/v7e-m/fpv4-sp/hard\libgcc.a(_arm_muldivdf3.o)
                0x0000000008000638                __aeabi_dmul
                0x0000000008000638                __muldf3
                0x000000000800088c                __divdf3
                0x000000000800088c                __aeabi_ddiv
 .text          0x0000000008000a5c      0x110 d:/archivosdprograma/stm32cubeide_1.5.0/stm32cubeide/plugins/com.st.stm32cube.ide.mcu.externaltools.gnu-tools-for-stm32.7-2018-q2-update.win32_1.5.0.202011040924/tools/bin/../lib/gcc/arm-none-eabi/7.3.1/thumb/v7e-m/fpv4-sp/hard\libgcc.a(_arm_cmpdf2.o)
                0x0000000008000a5c                __gtdf2
                0x0000000008000a5c                __gedf2
                0x0000000008000a64                __ltdf2
                0x0000000008000a64                __ledf2
                0x0000000008000a6c                __nedf2
                0x0000000008000a6c                __eqdf2
                0x0000000008000a6c                __cmpdf2
                0x0000000008000ae8                __aeabi_cdrcmple
                0x0000000008000af8                __aeabi_cdcmpeq
                0x0000000008000af8                __aeabi_cdcmple
                0x0000000008000b08                __aeabi_dcmpeq
                0x0000000008000b1c                __aeabi_dcmplt
                0x0000000008000b30                __aeabi_dcmple
                0x0000000008000b44                __aeabi_dcmpge
                0x0000000008000b58                __aeabi_dcmpgt
 .text          0x0000000008000b6c       0x2c d:/archivosdprograma/stm32cubeide_1.5.0/stm32cubeide/plugins/com.st.stm32cube.ide.mcu.externaltools.gnu-tools-for-stm32.7-2018-q2-update.win32_1.5.0.202011040924/tools/bin/../lib/gcc/arm-none-eabi/7.3.1/thumb/v7e-m/fpv4-sp/hard\libgcc.a(_arm_unorddf2.o)
                0x0000000008000b6c                __unorddf2
                0x0000000008000b6c                __aeabi_dcmpun
 .text          0x0000000008000b98       0xa0 d:/archivosdprograma/stm32cubeide_1.5.0/stm32cubeide/plugins/com.st.stm32cube.ide.mcu.externaltools.gnu-tools-for-stm32.7-2018-q2-update.win32_1.5.0.202011040924/tools/bin/../lib/gcc/arm-none-eabi/7.3.1/thumb/v7e-m/fpv4-sp/hard\libgcc.a(_arm_truncdfsf2.o)
                0x0000000008000b98                __truncdfsf2
                0x0000000008000b98                __aeabi_d2f
 .text          0x0000000008000c38       0x30 d:/archivosdprograma/stm32cubeide_1.5.0/stm32cubeide/plugins/com.st.stm32cube.ide.mcu.externaltools.gnu-tools-for-stm32.7-2018-q2-update.win32_1.5.0.202011040924/tools/bin/../lib/gcc/arm-none-eabi/7.3.1/thumb/v7e-m/fpv4-sp/hard\libgcc.a(_aeabi_uldivmod.o)
                0x0000000008000c38                __aeabi_uldivmod
 .text          0x0000000008000c68      0x2cc d:/archivosdprograma/stm32cubeide_1.5.0/stm32cubeide/plugins/com.st.stm32cube.ide.mcu.externaltools.gnu-tools-for-stm32.7-2018-q2-update.win32_1.5.0.202011040924/tools/bin/../lib/gcc/arm-none-eabi/7.3.1/thumb/v7e-m/fpv4-sp/hard\libgcc.a(_udivmoddi4.o)
                0x0000000008000c68                __udivmoddi4
 .text          0x0000000008000f34        0x4 d:/archivosdprograma/stm32cubeide_1.5.0/stm32cubeide/plugins/com.st.stm32cube.ide.mcu.externaltools.gnu-tools-for-stm32.7-2018-q2-update.win32_1.5.0.202011040924/tools/bin/../lib/gcc/arm-none-eabi/7.3.1/thumb/v7e-m/fpv4-sp/hard\libgcc.a(_dvmd_tls.o)
                0x0000000008000f34                __aeabi_idiv0
                0x0000000008000f34                __aeabi_ldiv0
 *(.text*)
 .text.AUDIO_FFT_Init
                0x0000000008000f38      0x194 Core/Src/audio_fft.o
                0x0000000008000f38                AUDIO_FFT_Init
 .text.AUDIO_FFT_Data_Input
                0x00000000080010cc       0xd4 Core/Src/audio_fft.o
                0x00000000080010cc                AUDIO_FFT_Data_Input
 .text.AUDIO_FFT_Process
                0x00000000080011a0       0x94 Core/Src/audio_fft.o
                0x00000000080011a0                AUDIO_FFT_Process
 *fill*         0x0000000008001234        0x4 
 .text.TukeyWin
                0x0000000008001238      0x200 Core/Src/audio_fft.o
 .text.HammingWin
                0x0000000008001438       0xc4 Core/Src/audio_fft.o
 *fill*         0x00000000080014fc        0x4 
 .text.BlackmanHarrisWin
                0x0000000008001500      0x140 Core/Src/audio_fft.o
 .text.main     0x0000000008001640      0x1c0 Core/Src/main.o
                0x0000000008001640                main
 .text.SystemClock_Config
                0x0000000008001800       0xda Core/Src/main.o
                0x0000000008001800                SystemClock_Config
 *fill*         0x00000000080018da        0x2 
 .text.MX_ADC1_Init
                0x00000000080018dc       0xcc Core/Src/main.o
 .text.MX_USART2_UART_Init
                0x00000000080019a8       0x98 Core/Src/main.o
 .text.MX_DMA_Init
                0x0000000008001a40       0x64 Core/Src/main.o
 .text.MX_GPIO_Init
                0x0000000008001aa4      0x5ac Core/Src/main.o
 .text.DMATransferComplete
                0x0000000008002050       0x30 Core/Src/main.o
                0x0000000008002050                DMATransferComplete
 .text.HAL_ADC_ConvHalfCpltCallback
                0x0000000008002080       0x14 Core/Src/main.o
                0x0000000008002080                HAL_ADC_ConvHalfCpltCallback
 .text.HAL_ADC_ConvCpltCallback
                0x0000000008002094       0x20 Core/Src/main.o
                0x0000000008002094                HAL_ADC_ConvCpltCallback
 .text.Error_Handler
                0x00000000080020b4        0x8 Core/Src/main.o
                0x00000000080020b4                Error_Handler
 .text.HAL_MspInit
                0x00000000080020bc       0x48 Core/Src/stm32l4xx_hal_msp.o
                0x00000000080020bc                HAL_MspInit
 .text.HAL_ADC_MspInit
                0x0000000008002104       0xdc Core/Src/stm32l4xx_hal_msp.o
                0x0000000008002104                HAL_ADC_MspInit
 .text.HAL_UART_MspInit
                0x00000000080021e0       0xe0 Core/Src/stm32l4xx_hal_msp.o
                0x00000000080021e0                HAL_UART_MspInit
 .text.NMI_Handler
                0x00000000080022c0        0x6 Core/Src/stm32l4xx_it.o
                0x00000000080022c0                NMI_Handler
 .text.HardFault_Handler
                0x00000000080022c6        0x6 Core/Src/stm32l4xx_it.o
                0x00000000080022c6                HardFault_Handler
 .text.MemManage_Handler
                0x00000000080022cc        0x6 Core/Src/stm32l4xx_it.o
                0x00000000080022cc                MemManage_Handler
 .text.BusFault_Handler
                0x00000000080022d2        0x6 Core/Src/stm32l4xx_it.o
                0x00000000080022d2                BusFault_Handler
 .text.UsageFault_Handler
                0x00000000080022d8        0x6 Core/Src/stm32l4xx_it.o
                0x00000000080022d8                UsageFault_Handler
 .text.SVC_Handler
                0x00000000080022de        0xe Core/Src/stm32l4xx_it.o
                0x00000000080022de                SVC_Handler
 .text.DebugMon_Handler
                0x00000000080022ec        0xe Core/Src/stm32l4xx_it.o
                0x00000000080022ec                DebugMon_Handler
 .text.PendSV_Handler
                0x00000000080022fa        0xe Core/Src/stm32l4xx_it.o
                0x00000000080022fa                PendSV_Handler
 .text.SysTick_Handler
                0x0000000008002308        0xc Core/Src/stm32l4xx_it.o
                0x0000000008002308                SysTick_Handler
 .text.DMA1_Channel1_IRQHandler
                0x0000000008002314       0x14 Core/Src/stm32l4xx_it.o
                0x0000000008002314                DMA1_Channel1_IRQHandler
 .text.DMA1_Channel2_IRQHandler
                0x0000000008002328       0x14 Core/Src/stm32l4xx_it.o
                0x0000000008002328                DMA1_Channel2_IRQHandler
 .text.OTG_FS_IRQHandler
                0x000000000800233c       0x14 Core/Src/stm32l4xx_it.o
                0x000000000800233c                OTG_FS_IRQHandler
 .text._sbrk    0x0000000008002350       0x6c Core/Src/sysmem.o
                0x0000000008002350                _sbrk
 .text.SystemInit
                0x00000000080023bc       0x6c Core/Src/system_stm32l4xx.o
                0x00000000080023bc                SystemInit
 .text.Reset_Handler
                0x0000000008002428       0x50 Core/Startup/startup_stm32l4r9zijx.o
                0x0000000008002428                Reset_Handler
 .text.Default_Handler
                0x0000000008002478        0x2 Core/Startup/startup_stm32l4r9zijx.o
                0x0000000008002478                RTC_Alarm_IRQHandler
                0x0000000008002478                EXTI2_IRQHandler
                0x0000000008002478                TIM8_TRG_COM_IRQHandler
                0x0000000008002478                TIM8_CC_IRQHandler
                0x0000000008002478                TIM1_CC_IRQHandler
                0x0000000008002478                TSC_IRQHandler
                0x0000000008002478                TAMP_STAMP_IRQHandler
                0x0000000008002478                EXTI3_IRQHandler
                0x0000000008002478                LPTIM2_IRQHandler
                0x0000000008002478                DFSDM1_FLT1_IRQHandler
                0x0000000008002478                GFXMMU_IRQHandler
                0x0000000008002478                I2C3_ER_IRQHandler
                0x0000000008002478                DFSDM1_FLT2_IRQHandler
                0x0000000008002478                EXTI0_IRQHandler
                0x0000000008002478                I2C2_EV_IRQHandler
                0x0000000008002478                CAN1_RX0_IRQHandler
                0x0000000008002478                FPU_IRQHandler
                0x0000000008002478                TIM1_UP_TIM16_IRQHandler
                0x0000000008002478                LTDC_ER_IRQHandler
                0x0000000008002478                SPI1_IRQHandler
                0x0000000008002478                OCTOSPI1_IRQHandler
                0x0000000008002478                TIM6_DAC_IRQHandler
                0x0000000008002478                DCMI_IRQHandler
                0x0000000008002478                TIM8_UP_IRQHandler
                0x0000000008002478                OCTOSPI2_IRQHandler
                0x0000000008002478                DMA2_Channel2_IRQHandler
                0x0000000008002478                DMA1_Channel4_IRQHandler
                0x0000000008002478                SAI2_IRQHandler
                0x0000000008002478                ADC1_IRQHandler
                0x0000000008002478                DFSDM1_FLT3_IRQHandler
                0x0000000008002478                USART3_IRQHandler
                0x0000000008002478                DMA1_Channel7_IRQHandler
                0x0000000008002478                CAN1_RX1_IRQHandler
                0x0000000008002478                UART5_IRQHandler
                0x0000000008002478                TIM4_IRQHandler
                0x0000000008002478                DMA2_Channel1_IRQHandler
                0x0000000008002478                I2C1_EV_IRQHandler
                0x0000000008002478                DMAMUX1_OVR_IRQHandler
                0x0000000008002478                DMA1_Channel6_IRQHandler
                0x0000000008002478                UART4_IRQHandler
                0x0000000008002478                DMA2_Channel4_IRQHandler
                0x0000000008002478                TIM3_IRQHandler
                0x0000000008002478                RCC_IRQHandler
                0x0000000008002478                Default_Handler
                0x0000000008002478                DMA2_Channel7_IRQHandler
                0x0000000008002478                EXTI15_10_IRQHandler
                0x0000000008002478                TIM7_IRQHandler
                0x0000000008002478                SDMMC1_IRQHandler
                0x0000000008002478                TIM5_IRQHandler
                0x0000000008002478                I2C3_EV_IRQHandler
                0x0000000008002478                EXTI9_5_IRQHandler
                0x0000000008002478                RTC_WKUP_IRQHandler
                0x0000000008002478                LTDC_IRQHandler
                0x0000000008002478                PVD_PVM_IRQHandler
                0x0000000008002478                SPI2_IRQHandler
                0x0000000008002478                CAN1_TX_IRQHandler
                0x0000000008002478                DMA2_Channel5_IRQHandler
                0x0000000008002478                CRS_IRQHandler
                0x0000000008002478                DMA1_Channel5_IRQHandler
                0x0000000008002478                EXTI4_IRQHandler
                0x0000000008002478                RNG_IRQHandler
                0x0000000008002478                TIM1_TRG_COM_TIM17_IRQHandler
                0x0000000008002478                DMA1_Channel3_IRQHandler
                0x0000000008002478                COMP_IRQHandler
                0x0000000008002478                DSI_IRQHandler
                0x0000000008002478                WWDG_IRQHandler
                0x0000000008002478                I2C4_EV_IRQHandler
                0x0000000008002478                LPUART1_IRQHandler
                0x0000000008002478                DMA2_Channel6_IRQHandler
                0x0000000008002478                TIM2_IRQHandler
                0x0000000008002478                DMA2D_IRQHandler
                0x0000000008002478                EXTI1_IRQHandler
                0x0000000008002478                USART2_IRQHandler
                0x0000000008002478                DFSDM1_FLT0_IRQHandler
                0x0000000008002478                I2C2_ER_IRQHandler
                0x0000000008002478                TIM8_BRK_IRQHandler
                0x0000000008002478                CAN1_SCE_IRQHandler
                0x0000000008002478                FLASH_IRQHandler
                0x0000000008002478                USART1_IRQHandler
                0x0000000008002478                SPI3_IRQHandler
                0x0000000008002478                I2C1_ER_IRQHandler
                0x0000000008002478                FMC_IRQHandler
                0x0000000008002478                LPTIM1_IRQHandler
                0x0000000008002478                I2C4_ER_IRQHandler
                0x0000000008002478                SAI1_IRQHandler
                0x0000000008002478                DMA2_Channel3_IRQHandler
                0x0000000008002478                TIM1_BRK_TIM15_IRQHandler
 .text.HAL_Init
                0x000000000800247a       0x30 Drivers/STM32L4xx_HAL_Driver/Src/stm32l4xx_hal.o
                0x000000000800247a                HAL_Init
 *fill*         0x00000000080024aa        0x2 
 .text.HAL_InitTick
                0x00000000080024ac       0x78 Drivers/STM32L4xx_HAL_Driver/Src/stm32l4xx_hal.o
                0x00000000080024ac                HAL_InitTick
 .text.HAL_IncTick
                0x0000000008002524       0x28 Drivers/STM32L4xx_HAL_Driver/Src/stm32l4xx_hal.o
                0x0000000008002524                HAL_IncTick
 .text.HAL_GetTick
                0x000000000800254c       0x18 Drivers/STM32L4xx_HAL_Driver/Src/stm32l4xx_hal.o
                0x000000000800254c                HAL_GetTick
 .text.HAL_Delay
                0x0000000008002564       0x44 Drivers/STM32L4xx_HAL_Driver/Src/stm32l4xx_hal.o
                0x0000000008002564                HAL_Delay
 .text.LL_ADC_SetCommonClock
                0x00000000080025a8       0x26 Drivers/STM32L4xx_HAL_Driver/Src/stm32l4xx_hal_adc.o
 .text.LL_ADC_SetCommonPathInternalCh
                0x00000000080025ce       0x26 Drivers/STM32L4xx_HAL_Driver/Src/stm32l4xx_hal_adc.o
 .text.LL_ADC_GetCommonPathInternalCh
                0x00000000080025f4       0x1c Drivers/STM32L4xx_HAL_Driver/Src/stm32l4xx_hal_adc.o
 .text.LL_ADC_SetOffset
                0x0000000008002610       0x48 Drivers/STM32L4xx_HAL_Driver/Src/stm32l4xx_hal_adc.o
 .text.LL_ADC_GetOffsetChannel
                0x0000000008002658       0x2c Drivers/STM32L4xx_HAL_Driver/Src/stm32l4xx_hal_adc.o
 .text.LL_ADC_SetOffsetState
                0x0000000008002684       0x36 Drivers/STM32L4xx_HAL_Driver/Src/stm32l4xx_hal_adc.o
 .text.LL_ADC_SetSamplingTimeCommonConfig
                0x00000000080026ba       0x26 Drivers/STM32L4xx_HAL_Driver/Src/stm32l4xx_hal_adc.o
 .text.LL_ADC_REG_IsTriggerSourceSWStart
                0x00000000080026e0       0x26 Drivers/STM32L4xx_HAL_Driver/Src/stm32l4xx_hal_adc.o
 .text.LL_ADC_REG_SetSequencerRanks
                0x0000000008002706       0x58 Drivers/STM32L4xx_HAL_Driver/Src/stm32l4xx_hal_adc.o
 .text.LL_ADC_SetChannelSamplingTime
                0x000000000800275e       0x56 Drivers/STM32L4xx_HAL_Driver/Src/stm32l4xx_hal_adc.o
 .text.LL_ADC_SetChannelSingleDiff
                0x00000000080027b4       0x48 Drivers/STM32L4xx_HAL_Driver/Src/stm32l4xx_hal_adc.o
 .text.LL_ADC_DisableDeepPowerDown
                0x00000000080027fc       0x24 Drivers/STM32L4xx_HAL_Driver/Src/stm32l4xx_hal_adc.o
 .text.LL_ADC_IsDeepPowerDownEnabled
                0x0000000008002820       0x28 Drivers/STM32L4xx_HAL_Driver/Src/stm32l4xx_hal_adc.o
 .text.LL_ADC_EnableInternalRegulator
                0x0000000008002848       0x28 Drivers/STM32L4xx_HAL_Driver/Src/stm32l4xx_hal_adc.o
 .text.LL_ADC_IsInternalRegulatorEnabled
                0x0000000008002870       0x28 Drivers/STM32L4xx_HAL_Driver/Src/stm32l4xx_hal_adc.o
 .text.LL_ADC_Enable
                0x0000000008002898       0x28 Drivers/STM32L4xx_HAL_Driver/Src/stm32l4xx_hal_adc.o
 .text.LL_ADC_Disable
                0x00000000080028c0       0x28 Drivers/STM32L4xx_HAL_Driver/Src/stm32l4xx_hal_adc.o
 .text.LL_ADC_IsEnabled
                0x00000000080028e8       0x26 Drivers/STM32L4xx_HAL_Driver/Src/stm32l4xx_hal_adc.o
 .text.LL_ADC_IsDisableOngoing
                0x000000000800290e       0x26 Drivers/STM32L4xx_HAL_Driver/Src/stm32l4xx_hal_adc.o
 .text.LL_ADC_REG_StartConversion
                0x0000000008002934       0x28 Drivers/STM32L4xx_HAL_Driver/Src/stm32l4xx_hal_adc.o
 .text.LL_ADC_REG_StopConversion
                0x000000000800295c       0x28 Drivers/STM32L4xx_HAL_Driver/Src/stm32l4xx_hal_adc.o
 .text.LL_ADC_REG_IsConversionOngoing
                0x0000000008002984       0x26 Drivers/STM32L4xx_HAL_Driver/Src/stm32l4xx_hal_adc.o
 .text.LL_ADC_INJ_StopConversion
                0x00000000080029aa       0x28 Drivers/STM32L4xx_HAL_Driver/Src/stm32l4xx_hal_adc.o
 .text.LL_ADC_INJ_IsConversionOngoing
                0x00000000080029d2       0x26 Drivers/STM32L4xx_HAL_Driver/Src/stm32l4xx_hal_adc.o
 .text.HAL_ADC_Init
                0x00000000080029f8      0x294 Drivers/STM32L4xx_HAL_Driver/Src/stm32l4xx_hal_adc.o
                0x00000000080029f8                HAL_ADC_Init
 .text.HAL_ADC_Start_DMA
                0x0000000008002c8c      0x108 Drivers/STM32L4xx_HAL_Driver/Src/stm32l4xx_hal_adc.o
                0x0000000008002c8c                HAL_ADC_Start_DMA
 .text.HAL_ADC_Stop_DMA
                0x0000000008002d94       0xc2 Drivers/STM32L4xx_HAL_Driver/Src/stm32l4xx_hal_adc.o
                0x0000000008002d94                HAL_ADC_Stop_DMA
 .text.HAL_ADC_ErrorCallback
                0x0000000008002e56       0x14 Drivers/STM32L4xx_HAL_Driver/Src/stm32l4xx_hal_adc.o
                0x0000000008002e56                HAL_ADC_ErrorCallback
 *fill*         0x0000000008002e6a        0x2 
 .text.HAL_ADC_ConfigChannel
                0x0000000008002e6c      0x7f4 Drivers/STM32L4xx_HAL_Driver/Src/stm32l4xx_hal_adc.o
                0x0000000008002e6c                HAL_ADC_ConfigChannel
 .text.ADC_ConversionStop
                0x0000000008003660      0x168 Drivers/STM32L4xx_HAL_Driver/Src/stm32l4xx_hal_adc.o
                0x0000000008003660                ADC_ConversionStop
 .text.ADC_Enable
                0x00000000080037c8       0xb4 Drivers/STM32L4xx_HAL_Driver/Src/stm32l4xx_hal_adc.o
                0x00000000080037c8                ADC_Enable
 .text.ADC_Disable
                0x000000000800387c       0xb0 Drivers/STM32L4xx_HAL_Driver/Src/stm32l4xx_hal_adc.o
                0x000000000800387c                ADC_Disable
 .text.ADC_DMAConvCplt
                0x000000000800392c       0xd8 Drivers/STM32L4xx_HAL_Driver/Src/stm32l4xx_hal_adc.o
                0x000000000800392c                ADC_DMAConvCplt
 .text.ADC_DMAHalfConvCplt
                0x0000000008003a04       0x1c Drivers/STM32L4xx_HAL_Driver/Src/stm32l4xx_hal_adc.o
                0x0000000008003a04                ADC_DMAHalfConvCplt
 .text.ADC_DMAError
                0x0000000008003a20       0x34 Drivers/STM32L4xx_HAL_Driver/Src/stm32l4xx_hal_adc.o
                0x0000000008003a20                ADC_DMAError
 .text.__NVIC_SetPriorityGrouping
                0x0000000008003a54       0x48 Drivers/STM32L4xx_HAL_Driver/Src/stm32l4xx_hal_cortex.o
 .text.__NVIC_GetPriorityGrouping
                0x0000000008003a9c       0x1c Drivers/STM32L4xx_HAL_Driver/Src/stm32l4xx_hal_cortex.o
 .text.__NVIC_EnableIRQ
                0x0000000008003ab8       0x3c Drivers/STM32L4xx_HAL_Driver/Src/stm32l4xx_hal_cortex.o
 .text.__NVIC_SetPriority
                0x0000000008003af4       0x54 Drivers/STM32L4xx_HAL_Driver/Src/stm32l4xx_hal_cortex.o
 .text.NVIC_EncodePriority
                0x0000000008003b48       0x66 Drivers/STM32L4xx_HAL_Driver/Src/stm32l4xx_hal_cortex.o
 *fill*         0x0000000008003bae        0x2 
 .text.SysTick_Config
                0x0000000008003bb0       0x44 Drivers/STM32L4xx_HAL_Driver/Src/stm32l4xx_hal_cortex.o
 .text.HAL_NVIC_SetPriorityGrouping
                0x0000000008003bf4       0x16 Drivers/STM32L4xx_HAL_Driver/Src/stm32l4xx_hal_cortex.o
                0x0000000008003bf4                HAL_NVIC_SetPriorityGrouping
 .text.HAL_NVIC_SetPriority
                0x0000000008003c0a       0x38 Drivers/STM32L4xx_HAL_Driver/Src/stm32l4xx_hal_cortex.o
                0x0000000008003c0a                HAL_NVIC_SetPriority
 .text.HAL_NVIC_EnableIRQ
                0x0000000008003c42       0x1c Drivers/STM32L4xx_HAL_Driver/Src/stm32l4xx_hal_cortex.o
                0x0000000008003c42                HAL_NVIC_EnableIRQ
 .text.HAL_SYSTICK_Config
                0x0000000008003c5e       0x18 Drivers/STM32L4xx_HAL_Driver/Src/stm32l4xx_hal_cortex.o
                0x0000000008003c5e                HAL_SYSTICK_Config
 *fill*         0x0000000008003c76        0x2 
 .text.HAL_DMA_Init
                0x0000000008003c78      0x150 Drivers/STM32L4xx_HAL_Driver/Src/stm32l4xx_hal_dma.o
                0x0000000008003c78                HAL_DMA_Init
 .text.HAL_DMA_Start_IT
                0x0000000008003dc8       0xf6 Drivers/STM32L4xx_HAL_Driver/Src/stm32l4xx_hal_dma.o
                0x0000000008003dc8                HAL_DMA_Start_IT
 .text.HAL_DMA_Abort
                0x0000000008003ebe       0xb8 Drivers/STM32L4xx_HAL_Driver/Src/stm32l4xx_hal_dma.o
                0x0000000008003ebe                HAL_DMA_Abort
 .text.HAL_DMA_IRQHandler
                0x0000000008003f76      0x15e Drivers/STM32L4xx_HAL_Driver/Src/stm32l4xx_hal_dma.o
                0x0000000008003f76                HAL_DMA_IRQHandler
 .text.HAL_DMA_RegisterCallback
                0x00000000080040d4       0x94 Drivers/STM32L4xx_HAL_Driver/Src/stm32l4xx_hal_dma.o
                0x00000000080040d4                HAL_DMA_RegisterCallback
 .text.DMA_SetConfig
                0x0000000008004168       0x7c Drivers/STM32L4xx_HAL_Driver/Src/stm32l4xx_hal_dma.o
 .text.DMA_CalcDMAMUXChannelBaseAndMask
                0x00000000080041e4       0x7c Drivers/STM32L4xx_HAL_Driver/Src/stm32l4xx_hal_dma.o
 .text.DMA_CalcDMAMUXRequestGenBaseAndMask
                0x0000000008004260       0x48 Drivers/STM32L4xx_HAL_Driver/Src/stm32l4xx_hal_dma.o
 .text.HAL_GPIO_Init
                0x00000000080042a8      0x324 Drivers/STM32L4xx_HAL_Driver/Src/stm32l4xx_hal_gpio.o
                0x00000000080042a8                HAL_GPIO_Init
 .text.HAL_GPIO_WritePin
                0x00000000080045cc       0x30 Drivers/STM32L4xx_HAL_Driver/Src/stm32l4xx_hal_gpio.o
                0x00000000080045cc                HAL_GPIO_WritePin
 .text.HAL_GPIO_TogglePin
                0x00000000080045fc       0x34 Drivers/STM32L4xx_HAL_Driver/Src/stm32l4xx_hal_gpio.o
                0x00000000080045fc                HAL_GPIO_TogglePin
 .text.HAL_PCD_Init
                0x0000000008004630      0x248 Drivers/STM32L4xx_HAL_Driver/Src/stm32l4xx_hal_pcd.o
                0x0000000008004630                HAL_PCD_Init
 .text.HAL_PCD_Start
                0x0000000008004878       0x5e Drivers/STM32L4xx_HAL_Driver/Src/stm32l4xx_hal_pcd.o
                0x0000000008004878                HAL_PCD_Start
 .text.HAL_PCD_IRQHandler
                0x00000000080048d6      0x748 Drivers/STM32L4xx_HAL_Driver/Src/stm32l4xx_hal_pcd.o
                0x00000000080048d6                HAL_PCD_IRQHandler
 .text.HAL_PCD_SetAddress
                0x000000000800501e       0x4a Drivers/STM32L4xx_HAL_Driver/Src/stm32l4xx_hal_pcd.o
                0x000000000800501e                HAL_PCD_SetAddress
 .text.HAL_PCD_EP_Open
                0x0000000008005068       0xd0 Drivers/STM32L4xx_HAL_Driver/Src/stm32l4xx_hal_pcd.o
                0x0000000008005068                HAL_PCD_EP_Open
 .text.HAL_PCD_EP_Close
                0x0000000008005138       0x94 Drivers/STM32L4xx_HAL_Driver/Src/stm32l4xx_hal_pcd.o
                0x0000000008005138                HAL_PCD_EP_Close
 .text.HAL_PCD_EP_Receive
                0x00000000080051cc       0x7c Drivers/STM32L4xx_HAL_Driver/Src/stm32l4xx_hal_pcd.o
                0x00000000080051cc                HAL_PCD_EP_Receive
 .text.HAL_PCD_EP_GetRxCount
                0x0000000008005248       0x30 Drivers/STM32L4xx_HAL_Driver/Src/stm32l4xx_hal_pcd.o
                0x0000000008005248                HAL_PCD_EP_GetRxCount
 .text.HAL_PCD_EP_Transmit
                0x0000000008005278       0x7a Drivers/STM32L4xx_HAL_Driver/Src/stm32l4xx_hal_pcd.o
                0x0000000008005278                HAL_PCD_EP_Transmit
 .text.HAL_PCD_EP_SetStall
                0x00000000080052f2       0xc4 Drivers/STM32L4xx_HAL_Driver/Src/stm32l4xx_hal_pcd.o
                0x00000000080052f2                HAL_PCD_EP_SetStall
 .text.HAL_PCD_EP_ClrStall
                0x00000000080053b6       0xac Drivers/STM32L4xx_HAL_Driver/Src/stm32l4xx_hal_pcd.o
                0x00000000080053b6                HAL_PCD_EP_ClrStall
 .text.PCD_WriteEmptyTxFifo
                0x0000000008005462      0x110 Drivers/STM32L4xx_HAL_Driver/Src/stm32l4xx_hal_pcd.o
 *fill*         0x0000000008005572        0x2 
 .text.PCD_EP_OutXfrComplete_int
                0x0000000008005574       0x9c Drivers/STM32L4xx_HAL_Driver/Src/stm32l4xx_hal_pcd.o
 .text.PCD_EP_OutSetupPacket_int
                0x0000000008005610       0x68 Drivers/STM32L4xx_HAL_Driver/Src/stm32l4xx_hal_pcd.o
 .text.HAL_PCDEx_SetTxFiFo
                0x0000000008005678       0x8e Drivers/STM32L4xx_HAL_Driver/Src/stm32l4xx_hal_pcd_ex.o
                0x0000000008005678                HAL_PCDEx_SetTxFiFo
 .text.HAL_PCDEx_SetRxFiFo
                0x0000000008005706       0x22 Drivers/STM32L4xx_HAL_Driver/Src/stm32l4xx_hal_pcd_ex.o
                0x0000000008005706                HAL_PCDEx_SetRxFiFo
 .text.HAL_PCDEx_ActivateLPM
                0x0000000008005728       0x48 Drivers/STM32L4xx_HAL_Driver/Src/stm32l4xx_hal_pcd_ex.o
                0x0000000008005728                HAL_PCDEx_ActivateLPM
 .text.HAL_PWREx_GetVoltageRange
                0x0000000008005770       0x40 Drivers/STM32L4xx_HAL_Driver/Src/stm32l4xx_hal_pwr_ex.o
                0x0000000008005770                HAL_PWREx_GetVoltageRange
 .text.HAL_PWREx_ControlVoltageScaling
                0x00000000080057b0      0x148 Drivers/STM32L4xx_HAL_Driver/Src/stm32l4xx_hal_pwr_ex.o
                0x00000000080057b0                HAL_PWREx_ControlVoltageScaling
 .text.HAL_PWREx_EnableVddUSB
                0x00000000080058f8       0x20 Drivers/STM32L4xx_HAL_Driver/Src/stm32l4xx_hal_pwr_ex.o
                0x00000000080058f8                HAL_PWREx_EnableVddUSB
 .text.HAL_PWREx_EnableVddIO2
                0x0000000008005918       0x20 Drivers/STM32L4xx_HAL_Driver/Src/stm32l4xx_hal_pwr_ex.o
                0x0000000008005918                HAL_PWREx_EnableVddIO2
 .text.HAL_RCC_OscConfig
                0x0000000008005938      0x84c Drivers/STM32L4xx_HAL_Driver/Src/stm32l4xx_hal_rcc.o
                0x0000000008005938                HAL_RCC_OscConfig
 .text.HAL_RCC_ClockConfig
                0x0000000008006184      0x258 Drivers/STM32L4xx_HAL_Driver/Src/stm32l4xx_hal_rcc.o
                0x0000000008006184                HAL_RCC_ClockConfig
 .text.HAL_RCC_GetSysClockFreq
                0x00000000080063dc      0x110 Drivers/STM32L4xx_HAL_Driver/Src/stm32l4xx_hal_rcc.o
                0x00000000080063dc                HAL_RCC_GetSysClockFreq
 .text.HAL_RCC_GetHCLKFreq
                0x00000000080064ec       0x18 Drivers/STM32L4xx_HAL_Driver/Src/stm32l4xx_hal_rcc.o
                0x00000000080064ec                HAL_RCC_GetHCLKFreq
 .text.HAL_RCC_GetPCLK1Freq
                0x0000000008006504       0x2c Drivers/STM32L4xx_HAL_Driver/Src/stm32l4xx_hal_rcc.o
                0x0000000008006504                HAL_RCC_GetPCLK1Freq
 .text.HAL_RCC_GetPCLK2Freq
                0x0000000008006530       0x2c Drivers/STM32L4xx_HAL_Driver/Src/stm32l4xx_hal_rcc.o
                0x0000000008006530                HAL_RCC_GetPCLK2Freq
 .text.RCC_SetFlashLatencyFromMSIRange
                0x000000000800655c       0xb4 Drivers/STM32L4xx_HAL_Driver/Src/stm32l4xx_hal_rcc.o
 .text.RCC_GetSysClockFreqFromPLLSource
                0x0000000008006610       0xcc Drivers/STM32L4xx_HAL_Driver/Src/stm32l4xx_hal_rcc.o
 .text.HAL_RCCEx_PeriphCLKConfig
                0x00000000080066dc      0x710 Drivers/STM32L4xx_HAL_Driver/Src/stm32l4xx_hal_rcc_ex.o
                0x00000000080066dc                HAL_RCCEx_PeriphCLKConfig
 .text.RCCEx_PLLSAI1_Config
                0x0000000008006dec      0x1e0 Drivers/STM32L4xx_HAL_Driver/Src/stm32l4xx_hal_rcc_ex.o
 .text.RCCEx_PLLSAI2_Config
                0x0000000008006fcc      0x1e0 Drivers/STM32L4xx_HAL_Driver/Src/stm32l4xx_hal_rcc_ex.o
 .text.HAL_UART_Init
                0x00000000080071ac       0xa0 Drivers/STM32L4xx_HAL_Driver/Src/stm32l4xx_hal_uart.o
                0x00000000080071ac                HAL_UART_Init
 .text.HAL_UART_Transmit
                0x000000000800724c      0x12e Drivers/STM32L4xx_HAL_Driver/Src/stm32l4xx_hal_uart.o
                0x000000000800724c                HAL_UART_Transmit
 *fill*         0x000000000800737a        0x2 
 .text.UART_SetConfig
                0x000000000800737c      0x5a4 Drivers/STM32L4xx_HAL_Driver/Src/stm32l4xx_hal_uart.o
                0x000000000800737c                UART_SetConfig
 .text.UART_AdvFeatureConfig
                0x0000000008007920      0x144 Drivers/STM32L4xx_HAL_Driver/Src/stm32l4xx_hal_uart.o
                0x0000000008007920                UART_AdvFeatureConfig
 .text.UART_CheckIdleState
                0x0000000008007a64       0x90 Drivers/STM32L4xx_HAL_Driver/Src/stm32l4xx_hal_uart.o
                0x0000000008007a64                UART_CheckIdleState
 .text.UART_WaitOnFlagUntilTimeout
                0x0000000008007af4      0x100 Drivers/STM32L4xx_HAL_Driver/Src/stm32l4xx_hal_uart.o
                0x0000000008007af4                UART_WaitOnFlagUntilTimeout
 .text.HAL_UARTEx_DisableFifoMode
                0x0000000008007bf4       0x72 Drivers/STM32L4xx_HAL_Driver/Src/stm32l4xx_hal_uart_ex.o
                0x0000000008007bf4                HAL_UARTEx_DisableFifoMode
 .text.HAL_UARTEx_SetTxFifoThreshold
                0x0000000008007c66       0x7c Drivers/STM32L4xx_HAL_Driver/Src/stm32l4xx_hal_uart_ex.o
                0x0000000008007c66                HAL_UARTEx_SetTxFifoThreshold
 .text.HAL_UARTEx_SetRxFifoThreshold
                0x0000000008007ce2       0x7c Drivers/STM32L4xx_HAL_Driver/Src/stm32l4xx_hal_uart_ex.o
                0x0000000008007ce2                HAL_UARTEx_SetRxFifoThreshold
 *fill*         0x0000000008007d5e        0x2 
 .text.UARTEx_SetNbDataToProcess
                0x0000000008007d60       0xd0 Drivers/STM32L4xx_HAL_Driver/Src/stm32l4xx_hal_uart_ex.o
 .text.USB_CoreInit
                0x0000000008007e30       0xa4 Drivers/STM32L4xx_HAL_Driver/Src/stm32l4xx_ll_usb.o
                0x0000000008007e30                USB_CoreInit
 .text.USB_SetTurnaroundTime
                0x0000000008007ed4      0x138 Drivers/STM32L4xx_HAL_Driver/Src/stm32l4xx_ll_usb.o
                0x0000000008007ed4                USB_SetTurnaroundTime
 .text.USB_EnableGlobalInt
                0x000000000800800c       0x22 Drivers/STM32L4xx_HAL_Driver/Src/stm32l4xx_ll_usb.o
                0x000000000800800c                USB_EnableGlobalInt
 .text.USB_DisableGlobalInt
                0x000000000800802e       0x22 Drivers/STM32L4xx_HAL_Driver/Src/stm32l4xx_ll_usb.o
                0x000000000800802e                USB_DisableGlobalInt
 .text.USB_SetCurrentMode
                0x0000000008008050       0x54 Drivers/STM32L4xx_HAL_Driver/Src/stm32l4xx_ll_usb.o
                0x0000000008008050                USB_SetCurrentMode
 .text.USB_DevInit
                0x00000000080080a4      0x298 Drivers/STM32L4xx_HAL_Driver/Src/stm32l4xx_ll_usb.o
                0x00000000080080a4                USB_DevInit
 .text.USB_FlushTxFifo
                0x000000000800833c       0x4c Drivers/STM32L4xx_HAL_Driver/Src/stm32l4xx_ll_usb.o
                0x000000000800833c                USB_FlushTxFifo
 .text.USB_FlushRxFifo
                0x0000000008008388       0x44 Drivers/STM32L4xx_HAL_Driver/Src/stm32l4xx_ll_usb.o
                0x0000000008008388                USB_FlushRxFifo
 .text.USB_SetDevSpeed
                0x00000000080083cc       0x32 Drivers/STM32L4xx_HAL_Driver/Src/stm32l4xx_ll_usb.o
                0x00000000080083cc                USB_SetDevSpeed
 .text.USB_GetDevSpeed
                0x00000000080083fe       0x3e Drivers/STM32L4xx_HAL_Driver/Src/stm32l4xx_ll_usb.o
                0x00000000080083fe                USB_GetDevSpeed
 .text.USB_ActivateEndpoint
                0x000000000800843c      0x10e Drivers/STM32L4xx_HAL_Driver/Src/stm32l4xx_ll_usb.o
                0x000000000800843c                USB_ActivateEndpoint
 *fill*         0x000000000800854a        0x2 
 .text.USB_DeactivateEndpoint
                0x000000000800854c      0x1b8 Drivers/STM32L4xx_HAL_Driver/Src/stm32l4xx_ll_usb.o
                0x000000000800854c                USB_DeactivateEndpoint
 .text.USB_EPStartXfer
                0x0000000008008704      0x3b8 Drivers/STM32L4xx_HAL_Driver/Src/stm32l4xx_ll_usb.o
                0x0000000008008704                USB_EPStartXfer
 .text.USB_EP0StartXfer
                0x0000000008008abc      0x23c Drivers/STM32L4xx_HAL_Driver/Src/stm32l4xx_ll_usb.o
                0x0000000008008abc                USB_EP0StartXfer
 .text.USB_WritePacket
                0x0000000008008cf8       0x62 Drivers/STM32L4xx_HAL_Driver/Src/stm32l4xx_ll_usb.o
                0x0000000008008cf8                USB_WritePacket
 .text.USB_ReadPacket
                0x0000000008008d5a       0x52 Drivers/STM32L4xx_HAL_Driver/Src/stm32l4xx_ll_usb.o
                0x0000000008008d5a                USB_ReadPacket
 .text.USB_EPSetStall
                0x0000000008008dac       0xdc Drivers/STM32L4xx_HAL_Driver/Src/stm32l4xx_ll_usb.o
                0x0000000008008dac                USB_EPSetStall
 .text.USB_EPClearStall
                0x0000000008008e88       0xcc Drivers/STM32L4xx_HAL_Driver/Src/stm32l4xx_ll_usb.o
                0x0000000008008e88                USB_EPClearStall
 .text.USB_SetDevAddress
                0x0000000008008f54       0x4c Drivers/STM32L4xx_HAL_Driver/Src/stm32l4xx_ll_usb.o
                0x0000000008008f54                USB_SetDevAddress
 .text.USB_DevConnect
                0x0000000008008fa0       0x42 Drivers/STM32L4xx_HAL_Driver/Src/stm32l4xx_ll_usb.o
                0x0000000008008fa0                USB_DevConnect
 .text.USB_DevDisconnect
                0x0000000008008fe2       0x42 Drivers/STM32L4xx_HAL_Driver/Src/stm32l4xx_ll_usb.o
                0x0000000008008fe2                USB_DevDisconnect
 .text.USB_ReadInterrupts
                0x0000000008009024       0x26 Drivers/STM32L4xx_HAL_Driver/Src/stm32l4xx_ll_usb.o
                0x0000000008009024                USB_ReadInterrupts
 .text.USB_ReadDevAllOutEpInterrupt
                0x000000000800904a       0x34 Drivers/STM32L4xx_HAL_Driver/Src/stm32l4xx_ll_usb.o
                0x000000000800904a                USB_ReadDevAllOutEpInterrupt
 .text.USB_ReadDevAllInEpInterrupt
                0x000000000800907e       0x34 Drivers/STM32L4xx_HAL_Driver/Src/stm32l4xx_ll_usb.o
                0x000000000800907e                USB_ReadDevAllInEpInterrupt
 .text.USB_ReadDevOutEPInterrupt
                0x00000000080090b2       0x3c Drivers/STM32L4xx_HAL_Driver/Src/stm32l4xx_ll_usb.o
                0x00000000080090b2                USB_ReadDevOutEPInterrupt
 .text.USB_ReadDevInEPInterrupt
                0x00000000080090ee       0x5c Drivers/STM32L4xx_HAL_Driver/Src/stm32l4xx_ll_usb.o
                0x00000000080090ee                USB_ReadDevInEPInterrupt
 .text.USB_GetMode
                0x000000000800914a       0x1c Drivers/STM32L4xx_HAL_Driver/Src/stm32l4xx_ll_usb.o
                0x000000000800914a                USB_GetMode
 .text.USB_ActivateSetup
                0x0000000008009166       0x46 Drivers/STM32L4xx_HAL_Driver/Src/stm32l4xx_ll_usb.o
                0x0000000008009166                USB_ActivateSetup
 .text.USB_EP0_OutStart
                0x00000000080091ac       0x90 Drivers/STM32L4xx_HAL_Driver/Src/stm32l4xx_ll_usb.o
                0x00000000080091ac                USB_EP0_OutStart
 .text.USB_CoreReset
                0x000000000800923c       0x68 Drivers/STM32L4xx_HAL_Driver/Src/stm32l4xx_ll_usb.o
 .text.USBD_CDC_Init
                0x00000000080092a4      0x100 Middlewares/ST/STM32_USB_Device_Library/Class/CDC/Src/usbd_cdc.o
 .text.USBD_CDC_DeInit
                0x00000000080093a4       0x74 Middlewares/ST/STM32_USB_Device_Library/Class/CDC/Src/usbd_cdc.o
 .text.USBD_CDC_Setup
                0x0000000008009418      0x178 Middlewares/ST/STM32_USB_Device_Library/Class/CDC/Src/usbd_cdc.o
 .text.USBD_CDC_DataIn
                0x0000000008009590       0xca Middlewares/ST/STM32_USB_Device_Library/Class/CDC/Src/usbd_cdc.o
 .text.USBD_CDC_DataOut
                0x000000000800965a       0x56 Middlewares/ST/STM32_USB_Device_Library/Class/CDC/Src/usbd_cdc.o
 .text.USBD_CDC_EP0_RxReady
                0x00000000080096b0       0x50 Middlewares/ST/STM32_USB_Device_Library/Class/CDC/Src/usbd_cdc.o
 .text.USBD_CDC_GetFSCfgDesc
                0x0000000008009700       0x20 Middlewares/ST/STM32_USB_Device_Library/Class/CDC/Src/usbd_cdc.o
 .text.USBD_CDC_GetHSCfgDesc
                0x0000000008009720       0x20 Middlewares/ST/STM32_USB_Device_Library/Class/CDC/Src/usbd_cdc.o
 .text.USBD_CDC_GetOtherSpeedCfgDesc
                0x0000000008009740       0x20 Middlewares/ST/STM32_USB_Device_Library/Class/CDC/Src/usbd_cdc.o
 .text.USBD_CDC_GetDeviceQualifierDescriptor
                0x0000000008009760       0x20 Middlewares/ST/STM32_USB_Device_Library/Class/CDC/Src/usbd_cdc.o
                0x0000000008009760                USBD_CDC_GetDeviceQualifierDescriptor
 .text.USBD_CDC_RegisterInterface
                0x0000000008009780       0x2a Middlewares/ST/STM32_USB_Device_Library/Class/CDC/Src/usbd_cdc.o
                0x0000000008009780                USBD_CDC_RegisterInterface
 .text.USBD_CDC_SetTxBuffer
                0x00000000080097aa       0x32 Middlewares/ST/STM32_USB_Device_Library/Class/CDC/Src/usbd_cdc.o
                0x00000000080097aa                USBD_CDC_SetTxBuffer
 .text.USBD_CDC_SetRxBuffer
                0x00000000080097dc       0x28 Middlewares/ST/STM32_USB_Device_Library/Class/CDC/Src/usbd_cdc.o
                0x00000000080097dc                USBD_CDC_SetRxBuffer
 .text.USBD_CDC_ReceivePacket
                0x0000000008009804       0x54 Middlewares/ST/STM32_USB_Device_Library/Class/CDC/Src/usbd_cdc.o
                0x0000000008009804                USBD_CDC_ReceivePacket
 .text.USBD_Init
                0x0000000008009858       0x60 Middlewares/ST/STM32_USB_Device_Library/Core/Src/usbd_core.o
                0x0000000008009858                USBD_Init
 .text.USBD_RegisterClass
                0x00000000080098b8       0x4e Middlewares/ST/STM32_USB_Device_Library/Core/Src/usbd_core.o
                0x00000000080098b8                USBD_RegisterClass
 .text.USBD_Start
                0x0000000008009906       0x18 Middlewares/ST/STM32_USB_Device_Library/Core/Src/usbd_core.o
                0x0000000008009906                USBD_Start
 .text.USBD_RunTestMode
                0x000000000800991e       0x16 Middlewares/ST/STM32_USB_Device_Library/Core/Src/usbd_core.o
                0x000000000800991e                USBD_RunTestMode
 .text.USBD_SetClassConfig
                0x0000000008009934       0x38 Middlewares/ST/STM32_USB_Device_Library/Core/Src/usbd_core.o
                0x0000000008009934                USBD_SetClassConfig
 .text.USBD_ClrClassConfig
                0x000000000800996c       0x30 Middlewares/ST/STM32_USB_Device_Library/Core/Src/usbd_core.o
                0x000000000800996c                USBD_ClrClassConfig
 .text.USBD_LL_SetupStage
                0x000000000800999c       0xa6 Middlewares/ST/STM32_USB_Device_Library/Core/Src/usbd_core.o
                0x000000000800999c                USBD_LL_SetupStage
 .text.USBD_LL_DataOutStage
                0x0000000008009a42       0xc6 Middlewares/ST/STM32_USB_Device_Library/Core/Src/usbd_core.o
                0x0000000008009a42                USBD_LL_DataOutStage
 .text.USBD_LL_DataInStage
                0x0000000008009b08      0x12c Middlewares/ST/STM32_USB_Device_Library/Core/Src/usbd_core.o
                0x0000000008009b08                USBD_LL_DataInStage
 .text.USBD_LL_Reset
                0x0000000008009c34       0x82 Middlewares/ST/STM32_USB_Device_Library/Core/Src/usbd_core.o
                0x0000000008009c34                USBD_LL_Reset
 .text.USBD_LL_SetSpeed
                0x0000000008009cb6       0x20 Middlewares/ST/STM32_USB_Device_Library/Core/Src/usbd_core.o
                0x0000000008009cb6                USBD_LL_SetSpeed
 .text.USBD_LL_Suspend
                0x0000000008009cd6       0x2a Middlewares/ST/STM32_USB_Device_Library/Core/Src/usbd_core.o
                0x0000000008009cd6                USBD_LL_Suspend
 .text.USBD_LL_Resume
                0x0000000008009d00       0x2c Middlewares/ST/STM32_USB_Device_Library/Core/Src/usbd_core.o
                0x0000000008009d00                USBD_LL_Resume
 .text.USBD_LL_SOF
                0x0000000008009d2c       0x34 Middlewares/ST/STM32_USB_Device_Library/Core/Src/usbd_core.o
                0x0000000008009d2c                USBD_LL_SOF
 .text.USBD_LL_IsoINIncomplete
                0x0000000008009d60       0x1a Middlewares/ST/STM32_USB_Device_Library/Core/Src/usbd_core.o
                0x0000000008009d60                USBD_LL_IsoINIncomplete
 .text.USBD_LL_IsoOUTIncomplete
                0x0000000008009d7a       0x1a Middlewares/ST/STM32_USB_Device_Library/Core/Src/usbd_core.o
                0x0000000008009d7a                USBD_LL_IsoOUTIncomplete
 .text.USBD_LL_DevConnected
                0x0000000008009d94       0x16 Middlewares/ST/STM32_USB_Device_Library/Core/Src/usbd_core.o
                0x0000000008009d94                USBD_LL_DevConnected
 .text.USBD_LL_DevDisconnected
                0x0000000008009daa       0x38 Middlewares/ST/STM32_USB_Device_Library/Core/Src/usbd_core.o
                0x0000000008009daa                USBD_LL_DevDisconnected
 .text.SWAPBYTE
                0x0000000008009de2       0x3c Middlewares/ST/STM32_USB_Device_Library/Core/Src/usbd_ctlreq.o
 *fill*         0x0000000008009e1e        0x2 
 .text.USBD_StdDevReq
                0x0000000008009e20       0xdc Middlewares/ST/STM32_USB_Device_Library/Core/Src/usbd_ctlreq.o
                0x0000000008009e20                USBD_StdDevReq
 .text.USBD_StdItfReq
                0x0000000008009efc       0x8c Middlewares/ST/STM32_USB_Device_Library/Core/Src/usbd_ctlreq.o
                0x0000000008009efc                USBD_StdItfReq
 .text.USBD_StdEPReq
                0x0000000008009f88      0x2ae Middlewares/ST/STM32_USB_Device_Library/Core/Src/usbd_ctlreq.o
                0x0000000008009f88                USBD_StdEPReq
 *fill*         0x000000000800a236        0x2 
 .text.USBD_GetDescriptor
                0x000000000800a238      0x328 Middlewares/ST/STM32_USB_Device_Library/Core/Src/usbd_ctlreq.o
 .text.USBD_SetAddress
                0x000000000800a560       0x84 Middlewares/ST/STM32_USB_Device_Library/Core/Src/usbd_ctlreq.o
 .text.USBD_SetConfig
                0x000000000800a5e4      0x148 Middlewares/ST/STM32_USB_Device_Library/Core/Src/usbd_ctlreq.o
 .text.USBD_GetConfig
                0x000000000800a72c       0x68 Middlewares/ST/STM32_USB_Device_Library/Core/Src/usbd_ctlreq.o
 .text.USBD_GetStatus
                0x000000000800a794       0x66 Middlewares/ST/STM32_USB_Device_Library/Core/Src/usbd_ctlreq.o
 .text.USBD_SetFeature
                0x000000000800a7fa       0x28 Middlewares/ST/STM32_USB_Device_Library/Core/Src/usbd_ctlreq.o
 .text.USBD_ClrFeature
                0x000000000800a822       0x42 Middlewares/ST/STM32_USB_Device_Library/Core/Src/usbd_ctlreq.o
 .text.USBD_ParseSetupRequest
                0x000000000800a864       0x74 Middlewares/ST/STM32_USB_Device_Library/Core/Src/usbd_ctlreq.o
                0x000000000800a864                USBD_ParseSetupRequest
 .text.USBD_CtlError
                0x000000000800a8d8       0x22 Middlewares/ST/STM32_USB_Device_Library/Core/Src/usbd_ctlreq.o
                0x000000000800a8d8                USBD_CtlError
 .text.USBD_GetString
                0x000000000800a8fa       0x8c Middlewares/ST/STM32_USB_Device_Library/Core/Src/usbd_ctlreq.o
                0x000000000800a8fa                USBD_GetString
 .text.USBD_GetLen
                0x000000000800a986       0x34 Middlewares/ST/STM32_USB_Device_Library/Core/Src/usbd_ctlreq.o
 .text.USBD_CtlSendData
                0x000000000800a9ba       0x36 Middlewares/ST/STM32_USB_Device_Library/Core/Src/usbd_ioreq.o
                0x000000000800a9ba                USBD_CtlSendData
 .text.USBD_CtlContinueSendData
                0x000000000800a9f0       0x22 Middlewares/ST/STM32_USB_Device_Library/Core/Src/usbd_ioreq.o
                0x000000000800a9f0                USBD_CtlContinueSendData
 .text.USBD_CtlPrepareRx
                0x000000000800aa12       0x3a Middlewares/ST/STM32_USB_Device_Library/Core/Src/usbd_ioreq.o
                0x000000000800aa12                USBD_CtlPrepareRx
 .text.USBD_CtlContinueRx
                0x000000000800aa4c       0x22 Middlewares/ST/STM32_USB_Device_Library/Core/Src/usbd_ioreq.o
                0x000000000800aa4c                USBD_CtlContinueRx
 .text.USBD_CtlSendStatus
                0x000000000800aa6e       0x26 Middlewares/ST/STM32_USB_Device_Library/Core/Src/usbd_ioreq.o
                0x000000000800aa6e                USBD_CtlSendStatus
 .text.USBD_CtlReceiveStatus
                0x000000000800aa94       0x26 Middlewares/ST/STM32_USB_Device_Library/Core/Src/usbd_ioreq.o
                0x000000000800aa94                USBD_CtlReceiveStatus
 *fill*         0x000000000800aaba        0x2 
 .text.MX_USB_DEVICE_Init
                0x000000000800aabc       0x60 USB_DEVICE/App/usb_device.o
                0x000000000800aabc                MX_USB_DEVICE_Init
 .text.CDC_Init_FS
                0x000000000800ab1c       0x28 USB_DEVICE/App/usbd_cdc_if.o
 .text.CDC_DeInit_FS
                0x000000000800ab44       0x10 USB_DEVICE/App/usbd_cdc_if.o
 .text.CDC_Control_FS
                0x000000000800ab54       0xbc USB_DEVICE/App/usbd_cdc_if.o
 .text.CDC_Receive_FS
                0x000000000800ac10       0x28 USB_DEVICE/App/usbd_cdc_if.o
 .text.CDC_TransmitCplt_FS
                0x000000000800ac38       0x22 USB_DEVICE/App/usbd_cdc_if.o
 *fill*         0x000000000800ac5a        0x2 
 .text.USBD_FS_DeviceDescriptor
                0x000000000800ac5c       0x24 USB_DEVICE/App/usbd_desc.o
                0x000000000800ac5c                USBD_FS_DeviceDescriptor
 .text.USBD_FS_LangIDStrDescriptor
                0x000000000800ac80       0x24 USB_DEVICE/App/usbd_desc.o
                0x000000000800ac80                USBD_FS_LangIDStrDescriptor
 .text.USBD_FS_ProductStrDescriptor
                0x000000000800aca4       0x3c USB_DEVICE/App/usbd_desc.o
                0x000000000800aca4                USBD_FS_ProductStrDescriptor
 .text.USBD_FS_ManufacturerStrDescriptor
                0x000000000800ace0       0x28 USB_DEVICE/App/usbd_desc.o
                0x000000000800ace0                USBD_FS_ManufacturerStrDescriptor
 .text.USBD_FS_SerialStrDescriptor
                0x000000000800ad08       0x24 USB_DEVICE/App/usbd_desc.o
                0x000000000800ad08                USBD_FS_SerialStrDescriptor
 .text.USBD_FS_ConfigStrDescriptor
                0x000000000800ad2c       0x3c USB_DEVICE/App/usbd_desc.o
                0x000000000800ad2c                USBD_FS_ConfigStrDescriptor
 .text.USBD_FS_InterfaceStrDescriptor
                0x000000000800ad68       0x3c USB_DEVICE/App/usbd_desc.o
                0x000000000800ad68                USBD_FS_InterfaceStrDescriptor
 .text.USBD_FS_USR_BOSDescriptor
                0x000000000800ada4       0x24 USB_DEVICE/App/usbd_desc.o
                0x000000000800ada4                USBD_FS_USR_BOSDescriptor
 .text.Get_SerialNum
                0x000000000800adc8       0x58 USB_DEVICE/App/usbd_desc.o
 .text.IntToUnicode
                0x000000000800ae20       0x7c USB_DEVICE/App/usbd_desc.o
 .text.HAL_PCD_MspInit
                0x000000000800ae9c       0xcc USB_DEVICE/Target/usbd_conf.o
                0x000000000800ae9c                HAL_PCD_MspInit
 .text.HAL_PCD_SetupStageCallback
                0x000000000800af68       0x24 USB_DEVICE/Target/usbd_conf.o
                0x000000000800af68                HAL_PCD_SetupStageCallback
 .text.HAL_PCD_DataOutStageCallback
                0x000000000800af8c       0x36 USB_DEVICE/Target/usbd_conf.o
                0x000000000800af8c                HAL_PCD_DataOutStageCallback
 .text.HAL_PCD_DataInStageCallback
                0x000000000800afc2       0x34 USB_DEVICE/Target/usbd_conf.o
                0x000000000800afc2                HAL_PCD_DataInStageCallback
 .text.HAL_PCD_SOFCallback
                0x000000000800aff6       0x1c USB_DEVICE/Target/usbd_conf.o
                0x000000000800aff6                HAL_PCD_SOFCallback
 .text.HAL_PCD_ResetCallback
                0x000000000800b012       0x3c USB_DEVICE/Target/usbd_conf.o
                0x000000000800b012                HAL_PCD_ResetCallback
 *fill*         0x000000000800b04e        0x2 
 .text.HAL_PCD_SuspendCallback
                0x000000000800b050       0x4c USB_DEVICE/Target/usbd_conf.o
                0x000000000800b050                HAL_PCD_SuspendCallback
 .text.HAL_PCD_ResumeCallback
                0x000000000800b09c       0x50 USB_DEVICE/Target/usbd_conf.o
                0x000000000800b09c                HAL_PCD_ResumeCallback
 .text.HAL_PCD_ISOOUTIncompleteCallback
                0x000000000800b0ec       0x24 USB_DEVICE/Target/usbd_conf.o
                0x000000000800b0ec                HAL_PCD_ISOOUTIncompleteCallback
 .text.HAL_PCD_ISOINIncompleteCallback
                0x000000000800b110       0x24 USB_DEVICE/Target/usbd_conf.o
                0x000000000800b110                HAL_PCD_ISOINIncompleteCallback
 .text.HAL_PCD_ConnectCallback
                0x000000000800b134       0x1c USB_DEVICE/Target/usbd_conf.o
                0x000000000800b134                HAL_PCD_ConnectCallback
 .text.HAL_PCD_DisconnectCallback
                0x000000000800b150       0x1c USB_DEVICE/Target/usbd_conf.o
                0x000000000800b150                HAL_PCD_DisconnectCallback
 .text.USBD_LL_Init
                0x000000000800b16c       0x94 USB_DEVICE/Target/usbd_conf.o
                0x000000000800b16c                USBD_LL_Init
 .text.USBD_LL_Start
                0x000000000800b200       0x64 USB_DEVICE/Target/usbd_conf.o
                0x000000000800b200                USBD_LL_Start
 .text.USBD_LL_OpenEP
                0x000000000800b264       0x7c USB_DEVICE/Target/usbd_conf.o
                0x000000000800b264                USBD_LL_OpenEP
 .text.USBD_LL_CloseEP
                0x000000000800b2e0       0x6c USB_DEVICE/Target/usbd_conf.o
                0x000000000800b2e0                USBD_LL_CloseEP
 .text.USBD_LL_StallEP
                0x000000000800b34c       0x6c USB_DEVICE/Target/usbd_conf.o
                0x000000000800b34c                USBD_LL_StallEP
 .text.USBD_LL_ClearStallEP
                0x000000000800b3b8       0x6c USB_DEVICE/Target/usbd_conf.o
                0x000000000800b3b8                USBD_LL_ClearStallEP
 .text.USBD_LL_IsStallEP
                0x000000000800b424       0x58 USB_DEVICE/Target/usbd_conf.o
                0x000000000800b424                USBD_LL_IsStallEP
 .text.USBD_LL_SetUSBAddress
                0x000000000800b47c       0x6c USB_DEVICE/Target/usbd_conf.o
                0x000000000800b47c                USBD_LL_SetUSBAddress
 .text.USBD_LL_Transmit
                0x000000000800b4e8       0x70 USB_DEVICE/Target/usbd_conf.o
                0x000000000800b4e8                USBD_LL_Transmit
 .text.USBD_LL_PrepareReceive
                0x000000000800b558       0x70 USB_DEVICE/Target/usbd_conf.o
                0x000000000800b558                USBD_LL_PrepareReceive
 .text.USBD_LL_GetRxDataSize
                0x000000000800b5c8       0x26 USB_DEVICE/Target/usbd_conf.o
                0x000000000800b5c8                USBD_LL_GetRxDataSize
 *fill*         0x000000000800b5ee        0x2 
 .text.HAL_PCDEx_LPM_Callback
                0x000000000800b5f0       0x9c USB_DEVICE/Target/usbd_conf.o
                0x000000000800b5f0                HAL_PCDEx_LPM_Callback
 .text.SystemClockConfig_Resume
                0x000000000800b68c        0xc USB_DEVICE/Target/usbd_conf.o
 .text.arm_rfft_fast_init_f32
                0x000000000800b698      0x108 D:\Alberto\Documents\STM32CubeIDE\rsense-micro-adc-dma\lib\libarm_cortexM4lf_math.a(arm_rfft_fast_init_f32.o)
                0x000000000800b698                arm_rfft_fast_init_f32
 .text.arm_rfft_fast_f32
                0x000000000800b7a0      0x188 D:\Alberto\Documents\STM32CubeIDE\rsense-micro-adc-dma\lib\libarm_cortexM4lf_math.a(arm_rfft_fast_f32.o)
                0x000000000800b7a0                arm_rfft_fast_f32
 .text.arm_cfft_radix8by2_f32
                0x000000000800b928      0x1a4 D:\Alberto\Documents\STM32CubeIDE\rsense-micro-adc-dma\lib\libarm_cortexM4lf_math.a(arm_cfft_f32.o)
                0x000000000800b928                arm_cfft_radix8by2_f32
 .text.arm_cfft_radix8by4_f32
                0x000000000800bacc      0x4bc D:\Alberto\Documents\STM32CubeIDE\rsense-micro-adc-dma\lib\libarm_cortexM4lf_math.a(arm_cfft_f32.o)
                0x000000000800bacc                arm_cfft_radix8by4_f32
 .text.arm_cfft_f32
                0x000000000800bf88       0xf4 D:\Alberto\Documents\STM32CubeIDE\rsense-micro-adc-dma\lib\libarm_cortexM4lf_math.a(arm_cfft_f32.o)
                0x000000000800bf88                arm_cfft_f32
 .text.arm_cmplx_mag_f32
                0x000000000800c07c      0x1d0 D:\Alberto\Documents\STM32CubeIDE\rsense-micro-adc-dma\lib\libarm_cortexM4lf_math.a(arm_cmplx_mag_f32.o)
                0x000000000800c07c                arm_cmplx_mag_f32
 .text.arm_mult_f32
                0x000000000800c24c       0x8c D:\Alberto\Documents\STM32CubeIDE\rsense-micro-adc-dma\lib\libarm_cortexM4lf_math.a(arm_mult_f32.o)
                0x000000000800c24c                arm_mult_f32
 .text.arm_radix8_butterfly_f32
                0x000000000800c2d8      0x5c4 D:\Alberto\Documents\STM32CubeIDE\rsense-micro-adc-dma\lib\libarm_cortexM4lf_math.a(arm_cfft_radix8_f32.o)
                0x000000000800c2d8                arm_radix8_butterfly_f32
 .text.calloc   0x000000000800c89c       0x10 d:/archivosdprograma/stm32cubeide_1.5.0/stm32cubeide/plugins/com.st.stm32cube.ide.mcu.externaltools.gnu-tools-for-stm32.7-2018-q2-update.win32_1.5.0.202011040924/tools/bin/../lib/gcc/arm-none-eabi/7.3.1/../../../../arm-none-eabi/lib/thumb/v7e-m/fpv4-sp/hard\libc_nano.a(lib_a-calloc.o)
                0x000000000800c89c                calloc
 .text.__errno  0x000000000800c8ac        0xc d:/archivosdprograma/stm32cubeide_1.5.0/stm32cubeide/plugins/com.st.stm32cube.ide.mcu.externaltools.gnu-tools-for-stm32.7-2018-q2-update.win32_1.5.0.202011040924/tools/bin/../lib/gcc/arm-none-eabi/7.3.1/../../../../arm-none-eabi/lib/thumb/v7e-m/fpv4-sp/hard\libc_nano.a(lib_a-errno.o)
                0x000000000800c8ac                __errno
 .text.__libc_init_array
                0x000000000800c8b8       0x48 d:/archivosdprograma/stm32cubeide_1.5.0/stm32cubeide/plugins/com.st.stm32cube.ide.mcu.externaltools.gnu-tools-for-stm32.7-2018-q2-update.win32_1.5.0.202011040924/tools/bin/../lib/gcc/arm-none-eabi/7.3.1/../../../../arm-none-eabi/lib/thumb/v7e-m/fpv4-sp/hard\libc_nano.a(lib_a-init.o)
                0x000000000800c8b8                __libc_init_array
 .text.malloc   0x000000000800c900       0x10 d:/archivosdprograma/stm32cubeide_1.5.0/stm32cubeide/plugins/com.st.stm32cube.ide.mcu.externaltools.gnu-tools-for-stm32.7-2018-q2-update.win32_1.5.0.202011040924/tools/bin/../lib/gcc/arm-none-eabi/7.3.1/../../../../arm-none-eabi/lib/thumb/v7e-m/fpv4-sp/hard\libc_nano.a(lib_a-malloc.o)
                0x000000000800c900                malloc
 .text.free     0x000000000800c910       0x10 d:/archivosdprograma/stm32cubeide_1.5.0/stm32cubeide/plugins/com.st.stm32cube.ide.mcu.externaltools.gnu-tools-for-stm32.7-2018-q2-update.win32_1.5.0.202011040924/tools/bin/../lib/gcc/arm-none-eabi/7.3.1/../../../../arm-none-eabi/lib/thumb/v7e-m/fpv4-sp/hard\libc_nano.a(lib_a-malloc.o)
                0x000000000800c910                free
 .text.memcpy   0x000000000800c920       0x16 d:/archivosdprograma/stm32cubeide_1.5.0/stm32cubeide/plugins/com.st.stm32cube.ide.mcu.externaltools.gnu-tools-for-stm32.7-2018-q2-update.win32_1.5.0.202011040924/tools/bin/../lib/gcc/arm-none-eabi/7.3.1/../../../../arm-none-eabi/lib/thumb/v7e-m/fpv4-sp/hard\libc_nano.a(lib_a-memcpy-stub.o)
                0x000000000800c920                memcpy
 .text.memset   0x000000000800c936       0x10 d:/archivosdprograma/stm32cubeide_1.5.0/stm32cubeide/plugins/com.st.stm32cube.ide.mcu.externaltools.gnu-tools-for-stm32.7-2018-q2-update.win32_1.5.0.202011040924/tools/bin/../lib/gcc/arm-none-eabi/7.3.1/../../../../arm-none-eabi/lib/thumb/v7e-m/fpv4-sp/hard\libc_nano.a(lib_a-memset.o)
                0x000000000800c936                memset
 .text._calloc_r
                0x000000000800c946       0x1c d:/archivosdprograma/stm32cubeide_1.5.0/stm32cubeide/plugins/com.st.stm32cube.ide.mcu.externaltools.gnu-tools-for-stm32.7-2018-q2-update.win32_1.5.0.202011040924/tools/bin/../lib/gcc/arm-none-eabi/7.3.1/../../../../arm-none-eabi/lib/thumb/v7e-m/fpv4-sp/hard\libc_nano.a(lib_a-nano-callocr.o)
                0x000000000800c946                _calloc_r
 *fill*         0x000000000800c962        0x2 
 .text._free_r  0x000000000800c964       0x9c d:/archivosdprograma/stm32cubeide_1.5.0/stm32cubeide/plugins/com.st.stm32cube.ide.mcu.externaltools.gnu-tools-for-stm32.7-2018-q2-update.win32_1.5.0.202011040924/tools/bin/../lib/gcc/arm-none-eabi/7.3.1/../../../../arm-none-eabi/lib/thumb/v7e-m/fpv4-sp/hard\libc_nano.a(lib_a-nano-freer.o)
                0x000000000800c964                _free_r
 .text._malloc_r
                0x000000000800ca00       0xb4 d:/archivosdprograma/stm32cubeide_1.5.0/stm32cubeide/plugins/com.st.stm32cube.ide.mcu.externaltools.gnu-tools-for-stm32.7-2018-q2-update.win32_1.5.0.202011040924/tools/bin/../lib/gcc/arm-none-eabi/7.3.1/../../../../arm-none-eabi/lib/thumb/v7e-m/fpv4-sp/hard\libc_nano.a(lib_a-nano-mallocr.o)
                0x000000000800ca00                _malloc_r
 .text._sbrk_r  0x000000000800cab4       0x20 d:/archivosdprograma/stm32cubeide_1.5.0/stm32cubeide/plugins/com.st.stm32cube.ide.mcu.externaltools.gnu-tools-for-stm32.7-2018-q2-update.win32_1.5.0.202011040924/tools/bin/../lib/gcc/arm-none-eabi/7.3.1/../../../../arm-none-eabi/lib/thumb/v7e-m/fpv4-sp/hard\libc_nano.a(lib_a-sbrkr.o)
                0x000000000800cab4                _sbrk_r
 .text.__malloc_lock
                0x000000000800cad4        0x2 d:/archivosdprograma/stm32cubeide_1.5.0/stm32cubeide/plugins/com.st.stm32cube.ide.mcu.externaltools.gnu-tools-for-stm32.7-2018-q2-update.win32_1.5.0.202011040924/tools/bin/../lib/gcc/arm-none-eabi/7.3.1/../../../../arm-none-eabi/lib/thumb/v7e-m/fpv4-sp/hard\libc_nano.a(lib_a-mlock.o)
                0x000000000800cad4                __malloc_lock
 .text.__malloc_unlock
                0x000000000800cad6        0x2 d:/archivosdprograma/stm32cubeide_1.5.0/stm32cubeide/plugins/com.st.stm32cube.ide.mcu.externaltools.gnu-tools-for-stm32.7-2018-q2-update.win32_1.5.0.202011040924/tools/bin/../lib/gcc/arm-none-eabi/7.3.1/../../../../arm-none-eabi/lib/thumb/v7e-m/fpv4-sp/hard\libc_nano.a(lib_a-mlock.o)
                0x000000000800cad6                __malloc_unlock
 .text.cosf     0x000000000800cad8       0x80 d:/archivosdprograma/stm32cubeide_1.5.0/stm32cubeide/plugins/com.st.stm32cube.ide.mcu.externaltools.gnu-tools-for-stm32.7-2018-q2-update.win32_1.5.0.202011040924/tools/bin/../lib/gcc/arm-none-eabi/7.3.1/../../../../arm-none-eabi/lib/thumb/v7e-m/fpv4-sp/hard\libm.a(lib_a-sf_cos.o)
                0x000000000800cad8                cosf
 .text.log      0x000000000800cb58      0x100 d:/archivosdprograma/stm32cubeide_1.5.0/stm32cubeide/plugins/com.st.stm32cube.ide.mcu.externaltools.gnu-tools-for-stm32.7-2018-q2-update.win32_1.5.0.202011040924/tools/bin/../lib/gcc/arm-none-eabi/7.3.1/../../../../arm-none-eabi/lib/thumb/v7e-m/fpv4-sp/hard\libm.a(lib_a-w_log.o)
                0x000000000800cb58                log
 .text.sqrtf    0x000000000800cc58       0xa0 d:/archivosdprograma/stm32cubeide_1.5.0/stm32cubeide/plugins/com.st.stm32cube.ide.mcu.externaltools.gnu-tools-for-stm32.7-2018-q2-update.win32_1.5.0.202011040924/tools/bin/../lib/gcc/arm-none-eabi/7.3.1/../../../../arm-none-eabi/lib/thumb/v7e-m/fpv4-sp/hard\libm.a(lib_a-wf_sqrt.o)
                0x000000000800cc58                sqrtf
 .text.__ieee754_log
                0x000000000800ccf8      0x364 d:/archivosdprograma/stm32cubeide_1.5.0/stm32cubeide/plugins/com.st.stm32cube.ide.mcu.externaltools.gnu-tools-for-stm32.7-2018-q2-update.win32_1.5.0.202011040924/tools/bin/../lib/gcc/arm-none-eabi/7.3.1/../../../../arm-none-eabi/lib/thumb/v7e-m/fpv4-sp/hard\libm.a(lib_a-e_log.o)
                0x000000000800ccf8                __ieee754_log
 .text.__ieee754_rem_pio2f
                0x000000000800d05c      0x258 d:/archivosdprograma/stm32cubeide_1.5.0/stm32cubeide/plugins/com.st.stm32cube.ide.mcu.externaltools.gnu-tools-for-stm32.7-2018-q2-update.win32_1.5.0.202011040924/tools/bin/../lib/gcc/arm-none-eabi/7.3.1/../../../../arm-none-eabi/lib/thumb/v7e-m/fpv4-sp/hard\libm.a(lib_a-ef_rem_pio2.o)
                0x000000000800d05c                __ieee754_rem_pio2f
 .text.__ieee754_sqrtf
                0x000000000800d2b4        0x6 d:/archivosdprograma/stm32cubeide_1.5.0/stm32cubeide/plugins/com.st.stm32cube.ide.mcu.externaltools.gnu-tools-for-stm32.7-2018-q2-update.win32_1.5.0.202011040924/tools/bin/../lib/gcc/arm-none-eabi/7.3.1/../../../../arm-none-eabi/lib/thumb/v7e-m/fpv4-sp/hard\libm.a(lib_a-ef_sqrt.o)
                0x000000000800d2b4                __ieee754_sqrtf
 *fill*         0x000000000800d2ba        0x2 
 .text.__kernel_cosf
                0x000000000800d2bc       0xbc d:/archivosdprograma/stm32cubeide_1.5.0/stm32cubeide/plugins/com.st.stm32cube.ide.mcu.externaltools.gnu-tools-for-stm32.7-2018-q2-update.win32_1.5.0.202011040924/tools/bin/../lib/gcc/arm-none-eabi/7.3.1/../../../../arm-none-eabi/lib/thumb/v7e-m/fpv4-sp/hard\libm.a(lib_a-kf_cos.o)
                0x000000000800d2bc                __kernel_cosf
 .text.__kernel_rem_pio2f
                0x000000000800d378      0x504 d:/archivosdprograma/stm32cubeide_1.5.0/stm32cubeide/plugins/com.st.stm32cube.ide.mcu.externaltools.gnu-tools-for-stm32.7-2018-q2-update.win32_1.5.0.202011040924/tools/bin/../lib/gcc/arm-none-eabi/7.3.1/../../../../arm-none-eabi/lib/thumb/v7e-m/fpv4-sp/hard\libm.a(lib_a-kf_rem_pio2.o)
                0x000000000800d378                __kernel_rem_pio2f
 .text.__kernel_sinf
                0x000000000800d87c       0x90 d:/archivosdprograma/stm32cubeide_1.5.0/stm32cubeide/plugins/com.st.stm32cube.ide.mcu.externaltools.gnu-tools-for-stm32.7-2018-q2-update.win32_1.5.0.202011040924/tools/bin/../lib/gcc/arm-none-eabi/7.3.1/../../../../arm-none-eabi/lib/thumb/v7e-m/fpv4-sp/hard\libm.a(lib_a-kf_sin.o)
                0x000000000800d87c                __kernel_sinf
 .text.matherr  0x000000000800d90c        0x4 d:/archivosdprograma/stm32cubeide_1.5.0/stm32cubeide/plugins/com.st.stm32cube.ide.mcu.externaltools.gnu-tools-for-stm32.7-2018-q2-update.win32_1.5.0.202011040924/tools/bin/../lib/gcc/arm-none-eabi/7.3.1/../../../../arm-none-eabi/lib/thumb/v7e-m/fpv4-sp/hard\libm.a(lib_a-s_matherr.o)
                0x000000000800d90c                matherr
 .text.nan      0x000000000800d910       0x10 d:/archivosdprograma/stm32cubeide_1.5.0/stm32cubeide/plugins/com.st.stm32cube.ide.mcu.externaltools.gnu-tools-for-stm32.7-2018-q2-update.win32_1.5.0.202011040924/tools/bin/../lib/gcc/arm-none-eabi/7.3.1/../../../../arm-none-eabi/lib/thumb/v7e-m/fpv4-sp/hard\libm.a(lib_a-s_nan.o)
                0x000000000800d910                nan
 .text.fabsf    0x000000000800d920        0xe d:/archivosdprograma/stm32cubeide_1.5.0/stm32cubeide/plugins/com.st.stm32cube.ide.mcu.externaltools.gnu-tools-for-stm32.7-2018-q2-update.win32_1.5.0.202011040924/tools/bin/../lib/gcc/arm-none-eabi/7.3.1/../../../../arm-none-eabi/lib/thumb/v7e-m/fpv4-sp/hard\libm.a(lib_a-sf_fabs.o)
                0x000000000800d920                fabsf
 *fill*         0x000000000800d92e        0x2 
 .text.floorf   0x000000000800d930       0x84 d:/archivosdprograma/stm32cubeide_1.5.0/stm32cubeide/plugins/com.st.stm32cube.ide.mcu.externaltools.gnu-tools-for-stm32.7-2018-q2-update.win32_1.5.0.202011040924/tools/bin/../lib/gcc/arm-none-eabi/7.3.1/../../../../arm-none-eabi/lib/thumb/v7e-m/fpv4-sp/hard\libm.a(lib_a-sf_floor.o)
                0x000000000800d930                floorf
 .text.scalbnf  0x000000000800d9b4       0xc0 d:/archivosdprograma/stm32cubeide_1.5.0/stm32cubeide/plugins/com.st.stm32cube.ide.mcu.externaltools.gnu-tools-for-stm32.7-2018-q2-update.win32_1.5.0.202011040924/tools/bin/../lib/gcc/arm-none-eabi/7.3.1/../../../../arm-none-eabi/lib/thumb/v7e-m/fpv4-sp/hard\libm.a(lib_a-sf_scalbn.o)
                0x000000000800d9b4                scalbnf
 .text.copysignf
                0x000000000800da74       0x18 d:/archivosdprograma/stm32cubeide_1.5.0/stm32cubeide/plugins/com.st.stm32cube.ide.mcu.externaltools.gnu-tools-for-stm32.7-2018-q2-update.win32_1.5.0.202011040924/tools/bin/../lib/gcc/arm-none-eabi/7.3.1/../../../../arm-none-eabi/lib/thumb/v7e-m/fpv4-sp/hard\libm.a(lib_a-sf_copysign.o)
                0x000000000800da74                copysignf
 *(.glue_7)
 .glue_7        0x000000000800da8c        0x0 linker stubs
 *(.glue_7t)
 .glue_7t       0x000000000800da8c        0x0 linker stubs
 *(.eh_frame)
 .eh_frame      0x000000000800da8c        0x0 d:/archivosdprograma/stm32cubeide_1.5.0/stm32cubeide/plugins/com.st.stm32cube.ide.mcu.externaltools.gnu-tools-for-stm32.7-2018-q2-update.win32_1.5.0.202011040924/tools/bin/../lib/gcc/arm-none-eabi/7.3.1/thumb/v7e-m/fpv4-sp/hard/crtbegin.o
 *(.init)
 .init          0x000000000800da8c        0x4 d:/archivosdprograma/stm32cubeide_1.5.0/stm32cubeide/plugins/com.st.stm32cube.ide.mcu.externaltools.gnu-tools-for-stm32.7-2018-q2-update.win32_1.5.0.202011040924/tools/bin/../lib/gcc/arm-none-eabi/7.3.1/thumb/v7e-m/fpv4-sp/hard/crti.o
                0x000000000800da8c                _init
 .init          0x000000000800da90        0x8 d:/archivosdprograma/stm32cubeide_1.5.0/stm32cubeide/plugins/com.st.stm32cube.ide.mcu.externaltools.gnu-tools-for-stm32.7-2018-q2-update.win32_1.5.0.202011040924/tools/bin/../lib/gcc/arm-none-eabi/7.3.1/thumb/v7e-m/fpv4-sp/hard/crtn.o
 *(.fini)
 .fini          0x000000000800da98        0x4 d:/archivosdprograma/stm32cubeide_1.5.0/stm32cubeide/plugins/com.st.stm32cube.ide.mcu.externaltools.gnu-tools-for-stm32.7-2018-q2-update.win32_1.5.0.202011040924/tools/bin/../lib/gcc/arm-none-eabi/7.3.1/thumb/v7e-m/fpv4-sp/hard/crti.o
                0x000000000800da98                _fini
 .fini          0x000000000800da9c        0x8 d:/archivosdprograma/stm32cubeide_1.5.0/stm32cubeide/plugins/com.st.stm32cube.ide.mcu.externaltools.gnu-tools-for-stm32.7-2018-q2-update.win32_1.5.0.202011040924/tools/bin/../lib/gcc/arm-none-eabi/7.3.1/thumb/v7e-m/fpv4-sp/hard/crtn.o
                0x000000000800daa4                . = ALIGN (0x4)
                0x000000000800daa4                _etext = .

.vfp11_veneer   0x000000000800daa4        0x0
 .vfp11_veneer  0x000000000800daa4        0x0 linker stubs

.v4_bx          0x000000000800daa4        0x0
 .v4_bx         0x000000000800daa4        0x0 linker stubs

.iplt           0x000000000800daa4        0x0
 .iplt          0x000000000800daa4        0x0 d:/archivosdprograma/stm32cubeide_1.5.0/stm32cubeide/plugins/com.st.stm32cube.ide.mcu.externaltools.gnu-tools-for-stm32.7-2018-q2-update.win32_1.5.0.202011040924/tools/bin/../lib/gcc/arm-none-eabi/7.3.1/thumb/v7e-m/fpv4-sp/hard/crtbegin.o

.rodata         0x000000000800daa4    0x138ec
                0x000000000800daa4                . = ALIGN (0x4)
 *(.rodata)
 .rodata        0x000000000800daa4       0x10 Drivers/STM32L4xx_HAL_Driver/Src/stm32l4xx_hal_uart_ex.o
 .rodata        0x000000000800dab4       0x46 USB_DEVICE/App/usbd_desc.o
 *(.rodata*)
 *fill*         0x000000000800dafa        0x2 
 .rodata.AHBPrescTable
                0x000000000800dafc       0x10 Core/Src/system_stm32l4xx.o
                0x000000000800dafc                AHBPrescTable
 .rodata.APBPrescTable
                0x000000000800db0c        0x8 Core/Src/system_stm32l4xx.o
                0x000000000800db0c                APBPrescTable
 .rodata.MSIRangeTable
                0x000000000800db14       0x30 Core/Src/system_stm32l4xx.o
                0x000000000800db14                MSIRangeTable
 .rodata.UARTPrescTable
                0x000000000800db44       0x18 Drivers/STM32L4xx_HAL_Driver/Src/stm32l4xx_hal_uart.o
                0x000000000800db44                UARTPrescTable
 .rodata.twiddleCoef_2048
                0x000000000800db5c     0x4000 D:\Alberto\Documents\STM32CubeIDE\rsense-micro-adc-dma\lib\libarm_cortexM4lf_math.a(arm_common_tables.o)
                0x000000000800db5c                twiddleCoef_2048
 .rodata.twiddleCoef_rfft_64
                0x0000000008011b5c      0x100 D:\Alberto\Documents\STM32CubeIDE\rsense-micro-adc-dma\lib\libarm_cortexM4lf_math.a(arm_common_tables.o)
                0x0000000008011b5c                twiddleCoef_rfft_64
 .rodata.armBitRevIndexTable64
                0x0000000008011c5c       0x70 D:\Alberto\Documents\STM32CubeIDE\rsense-micro-adc-dma\lib\libarm_cortexM4lf_math.a(arm_common_tables.o)
                0x0000000008011c5c                armBitRevIndexTable64
 .rodata.twiddleCoef_rfft_2048
                0x0000000008011ccc     0x2000 D:\Alberto\Documents\STM32CubeIDE\rsense-micro-adc-dma\lib\libarm_cortexM4lf_math.a(arm_common_tables.o)
                0x0000000008011ccc                twiddleCoef_rfft_2048
 .rodata.twiddleCoef_rfft_4096
                0x0000000008013ccc     0x4000 D:\Alberto\Documents\STM32CubeIDE\rsense-micro-adc-dma\lib\libarm_cortexM4lf_math.a(arm_common_tables.o)
                0x0000000008013ccc                twiddleCoef_rfft_4096
 .rodata.twiddleCoef_256
                0x0000000008017ccc      0x800 D:\Alberto\Documents\STM32CubeIDE\rsense-micro-adc-dma\lib\libarm_cortexM4lf_math.a(arm_common_tables.o)
                0x0000000008017ccc                twiddleCoef_256
 .rodata.twiddleCoef_16
                0x00000000080184cc       0x80 D:\Alberto\Documents\STM32CubeIDE\rsense-micro-adc-dma\lib\libarm_cortexM4lf_math.a(arm_common_tables.o)
                0x00000000080184cc                twiddleCoef_16
 .rodata.twiddleCoef_1024
                0x000000000801854c     0x2000 D:\Alberto\Documents\STM32CubeIDE\rsense-micro-adc-dma\lib\libarm_cortexM4lf_math.a(arm_common_tables.o)
                0x000000000801854c                twiddleCoef_1024
 .rodata.twiddleCoef_32
                0x000000000801a54c      0x100 D:\Alberto\Documents\STM32CubeIDE\rsense-micro-adc-dma\lib\libarm_cortexM4lf_math.a(arm_common_tables.o)
                0x000000000801a54c                twiddleCoef_32
 .rodata.armBitRevIndexTable1024
                0x000000000801a64c      0xe10 D:\Alberto\Documents\STM32CubeIDE\rsense-micro-adc-dma\lib\libarm_cortexM4lf_math.a(arm_common_tables.o)
                0x000000000801a64c                armBitRevIndexTable1024
 .rodata.armBitRevIndexTable16
                0x000000000801b45c       0x28 D:\Alberto\Documents\STM32CubeIDE\rsense-micro-adc-dma\lib\libarm_cortexM4lf_math.a(arm_common_tables.o)
                0x000000000801b45c                armBitRevIndexTable16
 .rodata.twiddleCoef_rfft_32
                0x000000000801b484       0x80 D:\Alberto\Documents\STM32CubeIDE\rsense-micro-adc-dma\lib\libarm_cortexM4lf_math.a(arm_common_tables.o)
                0x000000000801b484                twiddleCoef_rfft_32
 .rodata.armBitRevIndexTable32
                0x000000000801b504       0x60 D:\Alberto\Documents\STM32CubeIDE\rsense-micro-adc-dma\lib\libarm_cortexM4lf_math.a(arm_common_tables.o)
                0x000000000801b504                armBitRevIndexTable32
 .rodata.twiddleCoef_128
                0x000000000801b564      0x400 D:\Alberto\Documents\STM32CubeIDE\rsense-micro-adc-dma\lib\libarm_cortexM4lf_math.a(arm_common_tables.o)
                0x000000000801b564                twiddleCoef_128
 .rodata.twiddleCoef_512
                0x000000000801b964     0x1000 D:\Alberto\Documents\STM32CubeIDE\rsense-micro-adc-dma\lib\libarm_cortexM4lf_math.a(arm_common_tables.o)
                0x000000000801b964                twiddleCoef_512
 .rodata.armBitRevIndexTable2048
                0x000000000801c964     0x1dc0 D:\Alberto\Documents\STM32CubeIDE\rsense-micro-adc-dma\lib\libarm_cortexM4lf_math.a(arm_common_tables.o)
                0x000000000801c964                armBitRevIndexTable2048
 .rodata.twiddleCoef_64
                0x000000000801e724      0x200 D:\Alberto\Documents\STM32CubeIDE\rsense-micro-adc-dma\lib\libarm_cortexM4lf_math.a(arm_common_tables.o)
                0x000000000801e724                twiddleCoef_64
 .rodata.twiddleCoef_rfft_512
                0x000000000801e924      0x800 D:\Alberto\Documents\STM32CubeIDE\rsense-micro-adc-dma\lib\libarm_cortexM4lf_math.a(arm_common_tables.o)
                0x000000000801e924                twiddleCoef_rfft_512
 .rodata.armBitRevIndexTable512
                0x000000000801f124      0x380 D:\Alberto\Documents\STM32CubeIDE\rsense-micro-adc-dma\lib\libarm_cortexM4lf_math.a(arm_common_tables.o)
                0x000000000801f124                armBitRevIndexTable512
 .rodata.twiddleCoef_rfft_1024
                0x000000000801f4a4     0x1000 D:\Alberto\Documents\STM32CubeIDE\rsense-micro-adc-dma\lib\libarm_cortexM4lf_math.a(arm_common_tables.o)
                0x000000000801f4a4                twiddleCoef_rfft_1024
 .rodata.twiddleCoef_rfft_256
                0x00000000080204a4      0x400 D:\Alberto\Documents\STM32CubeIDE\rsense-micro-adc-dma\lib\libarm_cortexM4lf_math.a(arm_common_tables.o)
                0x00000000080204a4                twiddleCoef_rfft_256
 .rodata.armBitRevIndexTable256
                0x00000000080208a4      0x370 D:\Alberto\Documents\STM32CubeIDE\rsense-micro-adc-dma\lib\libarm_cortexM4lf_math.a(arm_common_tables.o)
                0x00000000080208a4                armBitRevIndexTable256
 .rodata.twiddleCoef_rfft_128
                0x0000000008020c14      0x200 D:\Alberto\Documents\STM32CubeIDE\rsense-micro-adc-dma\lib\libarm_cortexM4lf_math.a(arm_common_tables.o)
                0x0000000008020c14                twiddleCoef_rfft_128
 .rodata.armBitRevIndexTable128
                0x0000000008020e14      0x1a0 D:\Alberto\Documents\STM32CubeIDE\rsense-micro-adc-dma\lib\libarm_cortexM4lf_math.a(arm_common_tables.o)
                0x0000000008020e14                armBitRevIndexTable128
 .rodata.log.str1.1
                0x0000000008020fb4        0x4 d:/archivosdprograma/stm32cubeide_1.5.0/stm32cubeide/plugins/com.st.stm32cube.ide.mcu.externaltools.gnu-tools-for-stm32.7-2018-q2-update.win32_1.5.0.202011040924/tools/bin/../lib/gcc/arm-none-eabi/7.3.1/../../../../arm-none-eabi/lib/thumb/v7e-m/fpv4-sp/hard\libm.a(lib_a-w_log.o)
                                          0x5 (size before relaxing)
 .rodata.sqrtf.str1.1
                0x0000000008020fb8        0x6 d:/archivosdprograma/stm32cubeide_1.5.0/stm32cubeide/plugins/com.st.stm32cube.ide.mcu.externaltools.gnu-tools-for-stm32.7-2018-q2-update.win32_1.5.0.202011040924/tools/bin/../lib/gcc/arm-none-eabi/7.3.1/../../../../arm-none-eabi/lib/thumb/v7e-m/fpv4-sp/hard\libm.a(lib_a-wf_sqrt.o)
 *fill*         0x0000000008020fbe        0x2 
 .rodata.npio2_hw
                0x0000000008020fc0       0x80 d:/archivosdprograma/stm32cubeide_1.5.0/stm32cubeide/plugins/com.st.stm32cube.ide.mcu.externaltools.gnu-tools-for-stm32.7-2018-q2-update.win32_1.5.0.202011040924/tools/bin/../lib/gcc/arm-none-eabi/7.3.1/../../../../arm-none-eabi/lib/thumb/v7e-m/fpv4-sp/hard\libm.a(lib_a-ef_rem_pio2.o)
 .rodata.two_over_pi
                0x0000000008021040      0x318 d:/archivosdprograma/stm32cubeide_1.5.0/stm32cubeide/plugins/com.st.stm32cube.ide.mcu.externaltools.gnu-tools-for-stm32.7-2018-q2-update.win32_1.5.0.202011040924/tools/bin/../lib/gcc/arm-none-eabi/7.3.1/../../../../arm-none-eabi/lib/thumb/v7e-m/fpv4-sp/hard\libm.a(lib_a-ef_rem_pio2.o)
 .rodata.PIo2   0x0000000008021358       0x2c d:/archivosdprograma/stm32cubeide_1.5.0/stm32cubeide/plugins/com.st.stm32cube.ide.mcu.externaltools.gnu-tools-for-stm32.7-2018-q2-update.win32_1.5.0.202011040924/tools/bin/../lib/gcc/arm-none-eabi/7.3.1/../../../../arm-none-eabi/lib/thumb/v7e-m/fpv4-sp/hard\libm.a(lib_a-kf_rem_pio2.o)
 .rodata.init_jk
                0x0000000008021384        0xc d:/archivosdprograma/stm32cubeide_1.5.0/stm32cubeide/plugins/com.st.stm32cube.ide.mcu.externaltools.gnu-tools-for-stm32.7-2018-q2-update.win32_1.5.0.202011040924/tools/bin/../lib/gcc/arm-none-eabi/7.3.1/../../../../arm-none-eabi/lib/thumb/v7e-m/fpv4-sp/hard\libm.a(lib_a-kf_rem_pio2.o)
                0x0000000008021390                . = ALIGN (0x4)

.ARM.extab      0x0000000008021390        0x0
                0x0000000008021390                . = ALIGN (0x4)
 *(.ARM.extab* .gnu.linkonce.armextab.*)
                0x0000000008021390                . = ALIGN (0x4)

.ARM            0x0000000008021390        0x8
                0x0000000008021390                . = ALIGN (0x4)
                0x0000000008021390                __exidx_start = .
 *(.ARM.exidx*)
 .ARM.exidx     0x0000000008021390        0x8 d:/archivosdprograma/stm32cubeide_1.5.0/stm32cubeide/plugins/com.st.stm32cube.ide.mcu.externaltools.gnu-tools-for-stm32.7-2018-q2-update.win32_1.5.0.202011040924/tools/bin/../lib/gcc/arm-none-eabi/7.3.1/thumb/v7e-m/fpv4-sp/hard\libgcc.a(_udivmoddi4.o)
                0x0000000008021398                __exidx_end = .
                0x0000000008021398                . = ALIGN (0x4)

.rel.dyn        0x0000000008021398        0x0
 .rel.iplt      0x0000000008021398        0x0 d:/archivosdprograma/stm32cubeide_1.5.0/stm32cubeide/plugins/com.st.stm32cube.ide.mcu.externaltools.gnu-tools-for-stm32.7-2018-q2-update.win32_1.5.0.202011040924/tools/bin/../lib/gcc/arm-none-eabi/7.3.1/thumb/v7e-m/fpv4-sp/hard/crtbegin.o

.preinit_array  0x0000000008021398        0x0
                0x0000000008021398                . = ALIGN (0x4)
                0x0000000008021398                PROVIDE (__preinit_array_start = .)
 *(.preinit_array*)
                0x0000000008021398                PROVIDE (__preinit_array_end = .)
                0x0000000008021398                . = ALIGN (0x4)

.init_array     0x0000000008021398        0x4
                0x0000000008021398                . = ALIGN (0x4)
                0x0000000008021398                PROVIDE (__init_array_start = .)
 *(SORT_BY_NAME(.init_array.*))
 *(.init_array*)
 .init_array    0x0000000008021398        0x4 d:/archivosdprograma/stm32cubeide_1.5.0/stm32cubeide/plugins/com.st.stm32cube.ide.mcu.externaltools.gnu-tools-for-stm32.7-2018-q2-update.win32_1.5.0.202011040924/tools/bin/../lib/gcc/arm-none-eabi/7.3.1/thumb/v7e-m/fpv4-sp/hard/crtbegin.o
                0x000000000802139c                PROVIDE (__init_array_end = .)
                0x000000000802139c                . = ALIGN (0x4)

.fini_array     0x000000000802139c        0x4
                0x000000000802139c                . = ALIGN (0x4)
                [!provide]                        PROVIDE (__fini_array_start = .)
 *(SORT_BY_NAME(.fini_array.*))
 *(.fini_array*)
 .fini_array    0x000000000802139c        0x4 d:/archivosdprograma/stm32cubeide_1.5.0/stm32cubeide/plugins/com.st.stm32cube.ide.mcu.externaltools.gnu-tools-for-stm32.7-2018-q2-update.win32_1.5.0.202011040924/tools/bin/../lib/gcc/arm-none-eabi/7.3.1/thumb/v7e-m/fpv4-sp/hard/crtbegin.o
                [!provide]                        PROVIDE (__fini_array_end = .)
                0x00000000080213a0                . = ALIGN (0x4)
                0x00000000080213a0                _sidata = LOADADDR (.data)

.data           0x0000000020000000      0x1f8 load address 0x00000000080213a0
                0x0000000020000000                . = ALIGN (0x4)
                0x0000000020000000                _sdata = .
 *(.data)
 *(.data*)
 .data.SystemCoreClock
                0x0000000020000000        0x4 Core/Src/system_stm32l4xx.o
                0x0000000020000000                SystemCoreClock
 .data.uwTickPrio
                0x0000000020000004        0x4 Drivers/STM32L4xx_HAL_Driver/Src/stm32l4xx_hal.o
                0x0000000020000004                uwTickPrio
 .data.uwTickFreq
                0x0000000020000008        0x1 Drivers/STM32L4xx_HAL_Driver/Src/stm32l4xx_hal.o
                0x0000000020000008                uwTickFreq
 *fill*         0x0000000020000009        0x3 
 .data.USBD_CDC_DeviceQualifierDesc
                0x000000002000000c        0xa Middlewares/ST/STM32_USB_Device_Library/Class/CDC/Src/usbd_cdc.o
 *fill*         0x0000000020000016        0x2 
 .data.USBD_CDC
                0x0000000020000018       0x38 Middlewares/ST/STM32_USB_Device_Library/Class/CDC/Src/usbd_cdc.o
                0x0000000020000018                USBD_CDC
 .data.USBD_CDC_CfgHSDesc
                0x0000000020000050       0x43 Middlewares/ST/STM32_USB_Device_Library/Class/CDC/Src/usbd_cdc.o
 *fill*         0x0000000020000093        0x1 
 .data.USBD_CDC_CfgFSDesc
                0x0000000020000094       0x43 Middlewares/ST/STM32_USB_Device_Library/Class/CDC/Src/usbd_cdc.o
 *fill*         0x00000000200000d7        0x1 
 .data.USBD_CDC_OtherSpeedCfgDesc
                0x00000000200000d8       0x43 Middlewares/ST/STM32_USB_Device_Library/Class/CDC/Src/usbd_cdc.o
 *fill*         0x000000002000011b        0x1 
 .data.USBD_Interface_fops_FS
                0x000000002000011c       0x14 USB_DEVICE/App/usbd_cdc_if.o
                0x000000002000011c                USBD_Interface_fops_FS
 .data.FS_Desc  0x0000000020000130       0x20 USB_DEVICE/App/usbd_desc.o
                0x0000000020000130                FS_Desc
 .data.USBD_FS_DeviceDesc
                0x0000000020000150       0x12 USB_DEVICE/App/usbd_desc.o
                0x0000000020000150                USBD_FS_DeviceDesc
 *fill*         0x0000000020000162        0x2 
 .data.USBD_FS_BOSDesc
                0x0000000020000164        0xc USB_DEVICE/App/usbd_desc.o
                0x0000000020000164                USBD_FS_BOSDesc
 .data.USBD_LangIDDesc
                0x0000000020000170        0x4 USB_DEVICE/App/usbd_desc.o
                0x0000000020000170                USBD_LangIDDesc
 .data.USBD_StringSerial
                0x0000000020000174       0x1a USB_DEVICE/App/usbd_desc.o
                0x0000000020000174                USBD_StringSerial
 *fill*         0x000000002000018e        0x2 
 .data._impure_ptr